******************************************************************************
                  TI ARM Linker PC v16.9.6                     
******************************************************************************
>> Linked Sat Jul 28 13:27:42 2018

OUTPUT FILE NAME:   <Control_central_cc2640r2lp_app.out>
ENTRY POINT SYMBOL: "ResetISR"  address: 0000df99


MEMORY CONFIGURATION

         name            origin    length      used     unused   attr    fill
----------------------  --------  ---------  --------  --------  ----  --------
  FLASH                 00000000   0001f000  00013b62  0000b49e  R  X
  FLASH_LAST_PAGE       0001f000   00001000  00000058  00000fa8  R  X
  SRAM                  20000000   00004400  00001f5a  000024a6  RW X


SEGMENT ALLOCATION MAP

run origin  load origin   length   init length attrs members
----------  ----------- ---------- ----------- ----- -------
00000000    00000000    00012b6c   00012b6c    r-x
  00000000    00000000    0000003c   0000003c    r-- .resetVecs
  0000003c    0000003c    00000fc4   00000fc4    r-x .text.1
  00001000    00001000    00000028   00000028    r-- .const:ti_sysbios_heaps_HeapMem_Module__FXNS__C
  00001028    00001028    00000024   00000024    r-- .const:ti_sysbios_gates_GateHwi_Module__FXNS__C
  0000104c    0000104c    00000024   00000024    r-- .const:ti_sysbios_gates_GateMutex_Module__FXNS__C
  00001070    00001070    00000020   00000020    r-- .const:ti_sysbios_family_arm_m3_Hwi_Object__DESC__C
  00001090    00001090    00000020   00000020    r-- .const:ti_sysbios_gates_GateHwi_Object__DESC__C
  000010b0    000010b0    00000020   00000020    r-- .const:ti_sysbios_gates_GateMutex_Object__DESC__C
  000010d0    000010d0    00000020   00000020    r-- .const:ti_sysbios_hal_Hwi_Object__DESC__C
  000010f0    000010f0    00000020   00000020    r-- .const:ti_sysbios_heaps_HeapMem_Object__DESC__C
  00001110    00001110    00000020   00000020    r-- .const:ti_sysbios_knl_Clock_Object__DESC__C
  00001130    00001130    00000020   00000020    r-- .const:ti_sysbios_knl_Event_Object__DESC__C
  00001150    00001150    00000020   00000020    r-- .const:ti_sysbios_knl_Mailbox_Object__DESC__C
  00001170    00001170    00000020   00000020    r-- .const:ti_sysbios_knl_Queue_Object__DESC__C
  00001190    00001190    00000020   00000020    r-- .const:ti_sysbios_knl_Semaphore_Object__DESC__C
  000011b0    000011b0    00000020   00000020    r-- .const:ti_sysbios_knl_Swi_Object__DESC__C
  000011d0    000011d0    00000020   00000020    r-- .const:ti_sysbios_knl_Task_Object__DESC__C
  000011f0    000011f0    00000008   00000008    r-- .const:ti_sysbios_knl_Idle_funcList__C
  000011f8    000011f8    00000004   00000004    r-- .const:ti_sysbios_family_arm_cc26xx_Timer_startupNeeded__C
  000011fc    000011fc    00000004   00000004    r-- .const:ti_sysbios_family_arm_m3_Hwi_E_alreadyDefined__C
  00001200    00001200    00000004   00000004    r-- .const:ti_sysbios_family_arm_m3_Hwi_E_hwiLimitExceeded__C
  00001204    00001204    00000004   00000004    r-- .const:ti_sysbios_family_arm_m3_Hwi_NUM_INTERRUPTS__C
  00001208    00001208    00000004   00000004    r-- .const:ti_sysbios_family_arm_m3_Hwi_Object__count__C
  0000120c    0000120c    00000004   00000004    r-- .const:ti_sysbios_family_arm_m3_Hwi_Object__table__C
  00001210    00001210    00000004   00000004    r-- .const:ti_sysbios_family_arm_m3_Hwi_ccr__C
  00001214    00001214    00000004   00000004    r-- .const:ti_sysbios_family_arm_m3_Hwi_excHandlerFunc__C
  00001218    00001218    00000004   00000004    r-- .const:ti_sysbios_family_arm_m3_Hwi_nullIsrFunc__C
  0000121c    0000121c    00000004   00000004    r-- .const:ti_sysbios_family_arm_m3_Hwi_numSparseInterrupts__C
  00001220    00001220    00000004   00000004    r-- .const:ti_sysbios_family_arm_m3_Hwi_priGroup__C
  00001224    00001224    00000004   00000004    r-- .const:ti_sysbios_family_arm_m3_TaskSupport_stackAlignment__C
  00001228    00001228    00000004   00000004    r-- .const:ti_sysbios_heaps_HeapMem_E_memory__C
  0000122c    0000122c    00000004   00000004    r-- .const:ti_sysbios_heaps_HeapMem_Module__gateObj__C
  00001230    00001230    00000004   00000004    r-- .const:ti_sysbios_heaps_HeapMem_Object__count__C
  00001234    00001234    00000004   00000004    r-- .const:ti_sysbios_heaps_HeapMem_Object__table__C
  00001238    00001238    00000004   00000004    r-- .const:ti_sysbios_heaps_HeapMem_reqAlign__C
  0000123c    0000123c    00000004   00000004    r-- .const:ti_sysbios_knl_Clock_triggerClock__C
  00001240    00001240    00000004   00000004    r-- .const:ti_sysbios_knl_Mailbox_Object__count__C
  00001244    00001244    00000004   00000004    r-- .const:ti_sysbios_knl_Mailbox_Object__table__C
  00001248    00001248    00000004   00000004    r-- .const:ti_sysbios_knl_Mailbox_maxTypeAlign__C
  0000124c    0000124c    00000004   00000004    r-- .const:ti_sysbios_knl_Queue_Object__count__C
  00001250    00001250    00000004   00000004    r-- .const:ti_sysbios_knl_Queue_Object__table__C
  00001254    00001254    00000004   00000004    r-- .const:ti_sysbios_knl_Semaphore_eventPost__C
  00001258    00001258    00000004   00000004    r-- .const:ti_sysbios_knl_Semaphore_eventSync__C
  0000125c    0000125c    00000004   00000004    r-- .const:ti_sysbios_knl_Swi_Object__count__C
  00001260    00001260    00000004   00000004    r-- .const:ti_sysbios_knl_Swi_Object__table__C
  00001264    00001264    00000004   00000004    r-- .const:ti_sysbios_knl_Swi_numPriorities__C
  00001268    00001268    00000004   00000004    r-- .const:ti_sysbios_knl_Task_Object__count__C
  0000126c    0000126c    00000004   00000004    r-- .const:ti_sysbios_knl_Task_Object__table__C
  00001270    00001270    00000004   00000004    r-- .const:ti_sysbios_knl_Task_allBlockedFunc__C
  00001274    00001274    00000004   00000004    r-- .const:ti_sysbios_knl_Task_defaultStackHeap__C
  00001278    00001278    00000004   00000004    r-- .const:ti_sysbios_knl_Task_defaultStackSize__C
  0000127c    0000127c    00000004   00000004    r-- .const:ti_sysbios_knl_Task_numConstructedTasks__C
  00001280    00001280    00000002   00000002    r-- .const:ti_sysbios_family_arm_cc26xx_Timer_Module__id__C
  00001282    00001282    00000002   00000002    r-- .const:ti_sysbios_family_arm_cc26xx_TimestampProvider_useClockTimer__C
  00001284    00001284    00000002   00000002    r-- .const:ti_sysbios_family_arm_m3_Hwi_Module__id__C
  00001286    00001286    00000002   00000002    r-- .const:ti_sysbios_gates_GateHwi_Module__id__C
  00001288    00001288    00000002   00000002    r-- .const:ti_sysbios_gates_GateMutex_Module__id__C
  0000128a    0000128a    00000002   00000002    r-- .const:ti_sysbios_heaps_HeapMem_Module__id__C
  0000128c    0000128c    00000002   00000002    r-- .const:ti_sysbios_knl_Task_initStackFlag__C
  0000128e    0000128e    00000001   00000001    r-- .const:ti_sysbios_knl_Clock_tickMode__C
  00001290    00001290    00000008   00000008    r-- .const:xdc_runtime_Startup_firstFxns__C
  00001298    00001298    00000008   00000008    r-- .const:xdc_runtime_Startup_lastFxns__C
  000012a0    000012a0    00000004   00000004    r-- .const:xdc_runtime_Assert_E_assertFailed__C
  000012a4    000012a4    00000004   00000004    r-- .const:xdc_runtime_Error_E_memory__C
  000012a8    000012a8    00000004   00000004    r-- .const:xdc_runtime_Error_policyFxn__C
  000012ac    000012ac    00000004   00000004    r-- .const:xdc_runtime_Error_raiseHook__C
  000012b0    000012b0    00000004   00000004    r-- .const:xdc_runtime_IGateProvider_Interface__BASE__C
  000012b4    000012b4    00000004   00000004    r-- .const:xdc_runtime_IHeap_Interface__BASE__C
  000012b8    000012b8    00000004   00000004    r-- .const:xdc_runtime_IModule_Interface__BASE__C
  000012bc    000012bc    00000004   00000004    r-- .const:xdc_runtime_Memory_defaultHeapInstance__C
  000012c0    000012c0    00000004   00000004    r-- .const:xdc_runtime_Startup_execImpl__C
  000012c4    000012c4    00000004   00000004    r-- .const:xdc_runtime_Startup_maxPasses__C
  000012c8    000012c8    00000004   00000004    r-- .const:xdc_runtime_Startup_sfxnRts__C
  000012cc    000012cc    00000004   00000004    r-- .const:xdc_runtime_Startup_sfxnTab__C
  000012d0    000012d0    00000004   00000004    r-- .const:xdc_runtime_Startup_startModsFxn__C
  000012d4    000012d4    00000004   00000004    r-- .const:xdc_runtime_SysCallback_abortFxn__C
  000012d8    000012d8    00000004   00000004    r-- .const:xdc_runtime_SysCallback_exitFxn__C
  000012dc    000012dc    00000004   00000004    r-- .const:xdc_runtime_System_abortFxn__C
  000012e0    000012e0    00000004   00000004    r-- .const:xdc_runtime_System_exitFxn__C
  000012e4    000012e4    00000004   00000004    r-- .const:xdc_runtime_System_maxAtexitHandlers__C
  000012e8    000012e8    00000004   00000004    r-- .const:xdc_runtime_Text_charTab__C
  000012ec    000012ec    00000004   00000004    r-- .const:xdc_runtime_Text_nameEmpty__C
  000012f0    000012f0    00000004   00000004    r-- .const:xdc_runtime_Text_nameStatic__C
  000012f4    000012f4    00000004   00000004    r-- .const:xdc_runtime_Text_nameUnknown__C
  000012f8    000012f8    00000002   00000002    r-- .const:xdc_runtime_Error_maxDepth__C
  000012fa    000012fa    00000002   00000002    r-- .const:xdc_runtime_Memory_Module__id__C
  000012fc    000012fc    00000002   00000002    r-- .const:xdc_runtime_Text_charCnt__C
  000012fe    000012fe    00000002   00000002    r-- .const:xdc_runtime_Text_isLoaded__C
  00001300    00001300    00000001   00000001    r-- .const:xdc_runtime_Error_policy__C
  00001304    00001304    00000004   00000004    r-- .const:ti_sysbios_rom_ROM_ti_sysbios_family_arm_cc26xx_Timer_getCount64__E
  00001308    00001308    00000004   00000004    r-- .const:ti_sysbios_rom_ROM_ti_sysbios_family_arm_cc26xx_Timer_getCurrentTick__E
  0000130c    0000130c    00000004   00000004    r-- .const:ti_sysbios_rom_ROM_ti_sysbios_family_arm_cc26xx_Timer_getMaxTicks__E
  00001310    00001310    00000004   00000004    r-- .const:ti_sysbios_rom_ROM_ti_sysbios_family_arm_cc26xx_Timer_initDevice__I
  00001314    00001314    00000004   00000004    r-- .const:ti_sysbios_rom_ROM_ti_sysbios_family_arm_cc26xx_Timer_setNextTick__E
  00001318    00001318    00000004   00000004    r-- .const:ti_sysbios_rom_ROM_ti_sysbios_family_arm_cc26xx_Timer_setThreshold__I
  0000131c    0000131c    00000004   00000004    r-- .const:ti_sysbios_rom_ROM_ti_sysbios_family_arm_cc26xx_Timer_start__E
  00001320    00001320    00000004   00000004    r-- .const:ti_sysbios_rom_ROM_ti_sysbios_family_arm_cc26xx_TimestampProvider_get32__E
  00001324    00001324    00000004   00000004    r-- .const:ti_sysbios_rom_ROM_xdc_runtime_Startup_getState__I
  00001328    00001328    00000004   00000004    r-- .const:ti_sysbios_rom_ROM_xdc_runtime_System_SupportProxy_abort__E
  0000132c    0000132c    00000004   00000004    r-- .const:ti_sysbios_rom_ROM_xdc_runtime_System_SupportProxy_exit__E
  00001330    00001330    00010454   00010454    r-x .text.2
  00011784    00011784    00000fa0   00000fa0    r-- .const
  00012724    00012724    000000a6   000000a6    r-- .rodata
  000127d0    000127d0    0000039c   0000039c    r-- .cinit
0001e000    0001e000    00001000   00001000    r--
  0001e000    0001e000    00001000   00001000    r-- .snvSectors
0001ffa8    0001ffa8    00000058   00000058    r--
  0001ffa8    0001ffa8    00000058   00000058    r-- .ccfg
20000100    20000100    00001a94   00000000    rw-
  20000100    20000100    00000044   00000000    rw- .data:ti_sysbios_knl_Task_Module__state__V
  20000144    20000144    00000034   00000000    rw- .data:ti_sysbios_family_arm_m3_Hwi_Module__state__V
  20000178    20000178    0000002c   00000000    rw- .data:ti_sysbios_knl_Clock_Module__state__V
  200001a4    200001a4    00000024   00000000    rw- .data:ti_sysbios_BIOS_Module__state__V
  200001c8    200001c8    0000001c   00000000    rw- .data:ti_sysbios_knl_Swi_Module__state__V
  200001e4    200001e4    00000008   00000000    rw- .data:ti_sysbios_family_arm_cc26xx_Timer_Module__state__V
  200001ec    200001ec    00000004   00000000    rw- .data:ti_sysbios_family_arm_cc26xx_TimestampProvider_Module__state__V
  200001f0    200001f0    00000008   00000000    rw- .data:xdc_runtime_Startup_Module__state__V
  200001f8    200001f8    00000008   00000000    rw- .data:xdc_runtime_System_Module__state__V
  20000200    20000200    00000004   00000000    rw- .data:xdc_runtime_Memory_Module__state__V
  20000204    20000204    00000002   00000000    rw- .data:xdc_runtime_Error_Module__state__V
  20000208    20000208    0000102e   00000000    rw- .data
  20001238    20001238    0000095c   00000000    rw- .bss
20004000    20004000    00000400   00000000    rw-
  20004000    20004000    00000400   00000000    rw- .stack


SECTION ALLOCATION MAP

 output                                  attributes/
section   page    origin      length       input sections
--------  ----  ----------  ----------   ----------------
.resetVecs 
*          0    00000000    0000003c     
                  00000000    0000003c     app_ble_pem3.oem3 (.resetVecs)

.text.1    0    0000003c    00000fc4     
                  0000003c    000005c8     cc2640_ll_xcxx.a : ll.o (.text)
                  00000604    00000008     ble_r2.symbols (.tramp.LL_ENC_GenerateTrueRandNum.1)
                  0000060c    00000008     ble_r2.symbols (.tramp.LL_PRIV_GenerateRSA.1)
                  00000614    00000008     ble_r2.symbols (.tramp.LL_ENC_Init.1)
                  0000061c    0000055c     server.obj (.text:SimpleBLECentral_handleKeys$2)
                  00000b78    00000008     ble_r2.symbols (.tramp.GATT_bm_alloc.1)
                  00000b80    00000008     ble_r2.symbols (.tramp.GATT_bm_free.1)
                  00000b88    00000398     cc2640_ll_xcxx.a : ll_scheduler.o (.text)
                  00000f20    00000008     ble_r2.symbols (.tramp.llProcessPostRfOps.1)
                  00000f28    00000008     ble_r2.symbols (.tramp.llGetCurrentTime.1)
                  00000f30    00000008     ble_r2.symbols (.tramp.llSetupConn.1)
                  00000f38    00000008     ble_r2.symbols (.tramp.llTimeCompare.1)
                  00000f40    000000c0     simple_central_cc2640r2lp_stack_library.lib : osal.obj (.text:osal_set_event)

.const:ti_sysbios_heaps_HeapMem_Module__FXNS__C 
*          0    00001000    00000028     
                  00001000    00000028     app_ble_pem3.oem3 (.const:ti_sysbios_heaps_HeapMem_Module__FXNS__C)

.const:ti_sysbios_gates_GateHwi_Module__FXNS__C 
*          0    00001028    00000024     
                  00001028    00000024     app_ble_pem3.oem3 (.const:ti_sysbios_gates_GateHwi_Module__FXNS__C)

.const:ti_sysbios_gates_GateMutex_Module__FXNS__C 
*          0    0000104c    00000024     
                  0000104c    00000024     app_ble_pem3.oem3 (.const:ti_sysbios_gates_GateMutex_Module__FXNS__C)

.const:ti_sysbios_family_arm_m3_Hwi_Object__DESC__C 
*          0    00001070    00000020     
                  00001070    00000020     app_ble_pem3.oem3 (.const:ti_sysbios_family_arm_m3_Hwi_Object__DESC__C)

.const:ti_sysbios_gates_GateHwi_Object__DESC__C 
*          0    00001090    00000020     
                  00001090    00000020     app_ble_pem3.oem3 (.const:ti_sysbios_gates_GateHwi_Object__DESC__C)

.const:ti_sysbios_gates_GateMutex_Object__DESC__C 
*          0    000010b0    00000020     
                  000010b0    00000020     app_ble_pem3.oem3 (.const:ti_sysbios_gates_GateMutex_Object__DESC__C)

.const:ti_sysbios_hal_Hwi_Object__DESC__C 
*          0    000010d0    00000020     
                  000010d0    00000020     app_ble_pem3.oem3 (.const:ti_sysbios_hal_Hwi_Object__DESC__C)

.const:ti_sysbios_heaps_HeapMem_Object__DESC__C 
*          0    000010f0    00000020     
                  000010f0    00000020     app_ble_pem3.oem3 (.const:ti_sysbios_heaps_HeapMem_Object__DESC__C)

.const:ti_sysbios_knl_Clock_Object__DESC__C 
*          0    00001110    00000020     
                  00001110    00000020     app_ble_pem3.oem3 (.const:ti_sysbios_knl_Clock_Object__DESC__C)

.const:ti_sysbios_knl_Event_Object__DESC__C 
*          0    00001130    00000020     
                  00001130    00000020     app_ble_pem3.oem3 (.const:ti_sysbios_knl_Event_Object__DESC__C)

.const:ti_sysbios_knl_Mailbox_Object__DESC__C 
*          0    00001150    00000020     
                  00001150    00000020     app_ble_pem3.oem3 (.const:ti_sysbios_knl_Mailbox_Object__DESC__C)

.const:ti_sysbios_knl_Queue_Object__DESC__C 
*          0    00001170    00000020     
                  00001170    00000020     app_ble_pem3.oem3 (.const:ti_sysbios_knl_Queue_Object__DESC__C)

.const:ti_sysbios_knl_Semaphore_Object__DESC__C 
*          0    00001190    00000020     
                  00001190    00000020     app_ble_pem3.oem3 (.const:ti_sysbios_knl_Semaphore_Object__DESC__C)

.const:ti_sysbios_knl_Swi_Object__DESC__C 
*          0    000011b0    00000020     
                  000011b0    00000020     app_ble_pem3.oem3 (.const:ti_sysbios_knl_Swi_Object__DESC__C)

.const:ti_sysbios_knl_Task_Object__DESC__C 
*          0    000011d0    00000020     
                  000011d0    00000020     app_ble_pem3.oem3 (.const:ti_sysbios_knl_Task_Object__DESC__C)

.const:ti_sysbios_knl_Idle_funcList__C 
*          0    000011f0    00000008     
                  000011f0    00000008     app_ble_pem3.oem3 (.const:ti_sysbios_knl_Idle_funcList__C)

.const:ti_sysbios_family_arm_cc26xx_Timer_startupNeeded__C 
*          0    000011f8    00000004     
                  000011f8    00000004     app_ble_pem3.oem3 (.const:ti_sysbios_family_arm_cc26xx_Timer_startupNeeded__C)

.const:ti_sysbios_family_arm_m3_Hwi_E_alreadyDefined__C 
*          0    000011fc    00000004     
                  000011fc    00000004     app_ble_pem3.oem3 (.const:ti_sysbios_family_arm_m3_Hwi_E_alreadyDefined__C)

.const:ti_sysbios_family_arm_m3_Hwi_E_hwiLimitExceeded__C 
*          0    00001200    00000004     
                  00001200    00000004     app_ble_pem3.oem3 (.const:ti_sysbios_family_arm_m3_Hwi_E_hwiLimitExceeded__C)

.const:ti_sysbios_family_arm_m3_Hwi_NUM_INTERRUPTS__C 
*          0    00001204    00000004     
                  00001204    00000004     app_ble_pem3.oem3 (.const:ti_sysbios_family_arm_m3_Hwi_NUM_INTERRUPTS__C)

.const:ti_sysbios_family_arm_m3_Hwi_Object__count__C 
*          0    00001208    00000004     
                  00001208    00000004     app_ble_pem3.oem3 (.const:ti_sysbios_family_arm_m3_Hwi_Object__count__C)

.const:ti_sysbios_family_arm_m3_Hwi_Object__table__C 
*          0    0000120c    00000004     
                  0000120c    00000004     app_ble_pem3.oem3 (.const:ti_sysbios_family_arm_m3_Hwi_Object__table__C)

.const:ti_sysbios_family_arm_m3_Hwi_ccr__C 
*          0    00001210    00000004     
                  00001210    00000004     app_ble_pem3.oem3 (.const:ti_sysbios_family_arm_m3_Hwi_ccr__C)

.const:ti_sysbios_family_arm_m3_Hwi_excHandlerFunc__C 
*          0    00001214    00000004     
                  00001214    00000004     app_ble_pem3.oem3 (.const:ti_sysbios_family_arm_m3_Hwi_excHandlerFunc__C)

.const:ti_sysbios_family_arm_m3_Hwi_nullIsrFunc__C 
*          0    00001218    00000004     
                  00001218    00000004     app_ble_pem3.oem3 (.const:ti_sysbios_family_arm_m3_Hwi_nullIsrFunc__C)

.const:ti_sysbios_family_arm_m3_Hwi_numSparseInterrupts__C 
*          0    0000121c    00000004     
                  0000121c    00000004     app_ble_pem3.oem3 (.const:ti_sysbios_family_arm_m3_Hwi_numSparseInterrupts__C)

.const:ti_sysbios_family_arm_m3_Hwi_priGroup__C 
*          0    00001220    00000004     
                  00001220    00000004     app_ble_pem3.oem3 (.const:ti_sysbios_family_arm_m3_Hwi_priGroup__C)

.const:ti_sysbios_family_arm_m3_TaskSupport_stackAlignment__C 
*          0    00001224    00000004     
                  00001224    00000004     app_ble_pem3.oem3 (.const:ti_sysbios_family_arm_m3_TaskSupport_stackAlignment__C)

.const:ti_sysbios_heaps_HeapMem_E_memory__C 
*          0    00001228    00000004     
                  00001228    00000004     app_ble_pem3.oem3 (.const:ti_sysbios_heaps_HeapMem_E_memory__C)

.const:ti_sysbios_heaps_HeapMem_Module__gateObj__C 
*          0    0000122c    00000004     
                  0000122c    00000004     app_ble_pem3.oem3 (.const:ti_sysbios_heaps_HeapMem_Module__gateObj__C)

.const:ti_sysbios_heaps_HeapMem_Object__count__C 
*          0    00001230    00000004     
                  00001230    00000004     app_ble_pem3.oem3 (.const:ti_sysbios_heaps_HeapMem_Object__count__C)

.const:ti_sysbios_heaps_HeapMem_Object__table__C 
*          0    00001234    00000004     
                  00001234    00000004     app_ble_pem3.oem3 (.const:ti_sysbios_heaps_HeapMem_Object__table__C)

.const:ti_sysbios_heaps_HeapMem_reqAlign__C 
*          0    00001238    00000004     
                  00001238    00000004     app_ble_pem3.oem3 (.const:ti_sysbios_heaps_HeapMem_reqAlign__C)

.const:ti_sysbios_knl_Clock_triggerClock__C 
*          0    0000123c    00000004     
                  0000123c    00000004     app_ble_pem3.oem3 (.const:ti_sysbios_knl_Clock_triggerClock__C)

.const:ti_sysbios_knl_Mailbox_Object__count__C 
*          0    00001240    00000004     
                  00001240    00000004     app_ble_pem3.oem3 (.const:ti_sysbios_knl_Mailbox_Object__count__C)

.const:ti_sysbios_knl_Mailbox_Object__table__C 
*          0    00001244    00000004     
                  00001244    00000004     app_ble_pem3.oem3 (.const:ti_sysbios_knl_Mailbox_Object__table__C)

.const:ti_sysbios_knl_Mailbox_maxTypeAlign__C 
*          0    00001248    00000004     
                  00001248    00000004     app_ble_pem3.oem3 (.const:ti_sysbios_knl_Mailbox_maxTypeAlign__C)

.const:ti_sysbios_knl_Queue_Object__count__C 
*          0    0000124c    00000004     
                  0000124c    00000004     app_ble_pem3.oem3 (.const:ti_sysbios_knl_Queue_Object__count__C)

.const:ti_sysbios_knl_Queue_Object__table__C 
*          0    00001250    00000004     
                  00001250    00000004     app_ble_pem3.oem3 (.const:ti_sysbios_knl_Queue_Object__table__C)

.const:ti_sysbios_knl_Semaphore_eventPost__C 
*          0    00001254    00000004     
                  00001254    00000004     app_ble_pem3.oem3 (.const:ti_sysbios_knl_Semaphore_eventPost__C)

.const:ti_sysbios_knl_Semaphore_eventSync__C 
*          0    00001258    00000004     
                  00001258    00000004     app_ble_pem3.oem3 (.const:ti_sysbios_knl_Semaphore_eventSync__C)

.const:ti_sysbios_knl_Swi_Object__count__C 
*          0    0000125c    00000004     
                  0000125c    00000004     app_ble_pem3.oem3 (.const:ti_sysbios_knl_Swi_Object__count__C)

.const:ti_sysbios_knl_Swi_Object__table__C 
*          0    00001260    00000004     
                  00001260    00000004     app_ble_pem3.oem3 (.const:ti_sysbios_knl_Swi_Object__table__C)

.const:ti_sysbios_knl_Swi_numPriorities__C 
*          0    00001264    00000004     
                  00001264    00000004     app_ble_pem3.oem3 (.const:ti_sysbios_knl_Swi_numPriorities__C)

.const:ti_sysbios_knl_Task_Object__count__C 
*          0    00001268    00000004     
                  00001268    00000004     app_ble_pem3.oem3 (.const:ti_sysbios_knl_Task_Object__count__C)

.const:ti_sysbios_knl_Task_Object__table__C 
*          0    0000126c    00000004     
                  0000126c    00000004     app_ble_pem3.oem3 (.const:ti_sysbios_knl_Task_Object__table__C)

.const:ti_sysbios_knl_Task_allBlockedFunc__C 
*          0    00001270    00000004     
                  00001270    00000004     app_ble_pem3.oem3 (.const:ti_sysbios_knl_Task_allBlockedFunc__C)

.const:ti_sysbios_knl_Task_defaultStackHeap__C 
*          0    00001274    00000004     
                  00001274    00000004     app_ble_pem3.oem3 (.const:ti_sysbios_knl_Task_defaultStackHeap__C)

.const:ti_sysbios_knl_Task_defaultStackSize__C 
*          0    00001278    00000004     
                  00001278    00000004     app_ble_pem3.oem3 (.const:ti_sysbios_knl_Task_defaultStackSize__C)

.const:ti_sysbios_knl_Task_numConstructedTasks__C 
*          0    0000127c    00000004     
                  0000127c    00000004     app_ble_pem3.oem3 (.const:ti_sysbios_knl_Task_numConstructedTasks__C)

.const:ti_sysbios_family_arm_cc26xx_Timer_Module__id__C 
*          0    00001280    00000002     
                  00001280    00000002     app_ble_pem3.oem3 (.const:ti_sysbios_family_arm_cc26xx_Timer_Module__id__C)

.const:ti_sysbios_family_arm_cc26xx_TimestampProvider_useClockTimer__C 
*          0    00001282    00000002     
                  00001282    00000002     app_ble_pem3.oem3 (.const:ti_sysbios_family_arm_cc26xx_TimestampProvider_useClockTimer__C)

.const:ti_sysbios_family_arm_m3_Hwi_Module__id__C 
*          0    00001284    00000002     
                  00001284    00000002     app_ble_pem3.oem3 (.const:ti_sysbios_family_arm_m3_Hwi_Module__id__C)

.const:ti_sysbios_gates_GateHwi_Module__id__C 
*          0    00001286    00000002     
                  00001286    00000002     app_ble_pem3.oem3 (.const:ti_sysbios_gates_GateHwi_Module__id__C)

.const:ti_sysbios_gates_GateMutex_Module__id__C 
*          0    00001288    00000002     
                  00001288    00000002     app_ble_pem3.oem3 (.const:ti_sysbios_gates_GateMutex_Module__id__C)

.const:ti_sysbios_heaps_HeapMem_Module__id__C 
*          0    0000128a    00000002     
                  0000128a    00000002     app_ble_pem3.oem3 (.const:ti_sysbios_heaps_HeapMem_Module__id__C)

.const:ti_sysbios_knl_Task_initStackFlag__C 
*          0    0000128c    00000002     
                  0000128c    00000002     app_ble_pem3.oem3 (.const:ti_sysbios_knl_Task_initStackFlag__C)

.const:ti_sysbios_knl_Clock_tickMode__C 
*          0    0000128e    00000001     
                  0000128e    00000001     app_ble_pem3.oem3 (.const:ti_sysbios_knl_Clock_tickMode__C)

.const:xdc_runtime_Startup_firstFxns__C 
*          0    00001290    00000008     
                  00001290    00000008     app_ble_pem3.oem3 (.const:xdc_runtime_Startup_firstFxns__C)

.const:xdc_runtime_Startup_lastFxns__C 
*          0    00001298    00000008     
                  00001298    00000008     app_ble_pem3.oem3 (.const:xdc_runtime_Startup_lastFxns__C)

.const:xdc_runtime_Assert_E_assertFailed__C 
*          0    000012a0    00000004     
                  000012a0    00000004     app_ble_pem3.oem3 (.const:xdc_runtime_Assert_E_assertFailed__C)

.const:xdc_runtime_Error_E_memory__C 
*          0    000012a4    00000004     
                  000012a4    00000004     app_ble_pem3.oem3 (.const:xdc_runtime_Error_E_memory__C)

.const:xdc_runtime_Error_policyFxn__C 
*          0    000012a8    00000004     
                  000012a8    00000004     app_ble_pem3.oem3 (.const:xdc_runtime_Error_policyFxn__C)

.const:xdc_runtime_Error_raiseHook__C 
*          0    000012ac    00000004     
                  000012ac    00000004     app_ble_pem3.oem3 (.const:xdc_runtime_Error_raiseHook__C)

.const:xdc_runtime_IGateProvider_Interface__BASE__C 
*          0    000012b0    00000004     
                  000012b0    00000004     app_ble_pem3.oem3 (.const:xdc_runtime_IGateProvider_Interface__BASE__C)

.const:xdc_runtime_IHeap_Interface__BASE__C 
*          0    000012b4    00000004     
                  000012b4    00000004     app_ble_pem3.oem3 (.const:xdc_runtime_IHeap_Interface__BASE__C)

.const:xdc_runtime_IModule_Interface__BASE__C 
*          0    000012b8    00000004     
                  000012b8    00000004     app_ble_pem3.oem3 (.const:xdc_runtime_IModule_Interface__BASE__C)

.const:xdc_runtime_Memory_defaultHeapInstance__C 
*          0    000012bc    00000004     
                  000012bc    00000004     app_ble_pem3.oem3 (.const:xdc_runtime_Memory_defaultHeapInstance__C)

.const:xdc_runtime_Startup_execImpl__C 
*          0    000012c0    00000004     
                  000012c0    00000004     app_ble_pem3.oem3 (.const:xdc_runtime_Startup_execImpl__C)

.const:xdc_runtime_Startup_maxPasses__C 
*          0    000012c4    00000004     
                  000012c4    00000004     app_ble_pem3.oem3 (.const:xdc_runtime_Startup_maxPasses__C)

.const:xdc_runtime_Startup_sfxnRts__C 
*          0    000012c8    00000004     
                  000012c8    00000004     app_ble_pem3.oem3 (.const:xdc_runtime_Startup_sfxnRts__C)

.const:xdc_runtime_Startup_sfxnTab__C 
*          0    000012cc    00000004     
                  000012cc    00000004     app_ble_pem3.oem3 (.const:xdc_runtime_Startup_sfxnTab__C)

.const:xdc_runtime_Startup_startModsFxn__C 
*          0    000012d0    00000004     
                  000012d0    00000004     app_ble_pem3.oem3 (.const:xdc_runtime_Startup_startModsFxn__C)

.const:xdc_runtime_SysCallback_abortFxn__C 
*          0    000012d4    00000004     
                  000012d4    00000004     app_ble_pem3.oem3 (.const:xdc_runtime_SysCallback_abortFxn__C)

.const:xdc_runtime_SysCallback_exitFxn__C 
*          0    000012d8    00000004     
                  000012d8    00000004     app_ble_pem3.oem3 (.const:xdc_runtime_SysCallback_exitFxn__C)

.const:xdc_runtime_System_abortFxn__C 
*          0    000012dc    00000004     
                  000012dc    00000004     app_ble_pem3.oem3 (.const:xdc_runtime_System_abortFxn__C)

.const:xdc_runtime_System_exitFxn__C 
*          0    000012e0    00000004     
                  000012e0    00000004     app_ble_pem3.oem3 (.const:xdc_runtime_System_exitFxn__C)

.const:xdc_runtime_System_maxAtexitHandlers__C 
*          0    000012e4    00000004     
                  000012e4    00000004     app_ble_pem3.oem3 (.const:xdc_runtime_System_maxAtexitHandlers__C)

.const:xdc_runtime_Text_charTab__C 
*          0    000012e8    00000004     
                  000012e8    00000004     app_ble_pem3.oem3 (.const:xdc_runtime_Text_charTab__C)

.const:xdc_runtime_Text_nameEmpty__C 
*          0    000012ec    00000004     
                  000012ec    00000004     app_ble_pem3.oem3 (.const:xdc_runtime_Text_nameEmpty__C)

.const:xdc_runtime_Text_nameStatic__C 
*          0    000012f0    00000004     
                  000012f0    00000004     app_ble_pem3.oem3 (.const:xdc_runtime_Text_nameStatic__C)

.const:xdc_runtime_Text_nameUnknown__C 
*          0    000012f4    00000004     
                  000012f4    00000004     app_ble_pem3.oem3 (.const:xdc_runtime_Text_nameUnknown__C)

.const:xdc_runtime_Error_maxDepth__C 
*          0    000012f8    00000002     
                  000012f8    00000002     app_ble_pem3.oem3 (.const:xdc_runtime_Error_maxDepth__C)

.const:xdc_runtime_Memory_Module__id__C 
*          0    000012fa    00000002     
                  000012fa    00000002     app_ble_pem3.oem3 (.const:xdc_runtime_Memory_Module__id__C)

.const:xdc_runtime_Text_charCnt__C 
*          0    000012fc    00000002     
                  000012fc    00000002     app_ble_pem3.oem3 (.const:xdc_runtime_Text_charCnt__C)

.const:xdc_runtime_Text_isLoaded__C 
*          0    000012fe    00000002     
                  000012fe    00000002     app_ble_pem3.oem3 (.const:xdc_runtime_Text_isLoaded__C)

.const:xdc_runtime_Error_policy__C 
*          0    00001300    00000001     
                  00001300    00000001     app_ble_pem3.oem3 (.const:xdc_runtime_Error_policy__C)

.const:ti_sysbios_rom_ROM_ti_sysbios_family_arm_cc26xx_Timer_getCount64__E 
*          0    00001304    00000004     
                  00001304    00000004     app_ble_pem3.oem3 (.const:ti_sysbios_rom_ROM_ti_sysbios_family_arm_cc26xx_Timer_getCount64__E)

.const:ti_sysbios_rom_ROM_ti_sysbios_family_arm_cc26xx_Timer_getCurrentTick__E 
*          0    00001308    00000004     
                  00001308    00000004     app_ble_pem3.oem3 (.const:ti_sysbios_rom_ROM_ti_sysbios_family_arm_cc26xx_Timer_getCurrentTick__E)

.const:ti_sysbios_rom_ROM_ti_sysbios_family_arm_cc26xx_Timer_getMaxTicks__E 
*          0    0000130c    00000004     
                  0000130c    00000004     app_ble_pem3.oem3 (.const:ti_sysbios_rom_ROM_ti_sysbios_family_arm_cc26xx_Timer_getMaxTicks__E)

.const:ti_sysbios_rom_ROM_ti_sysbios_family_arm_cc26xx_Timer_initDevice__I 
*          0    00001310    00000004     
                  00001310    00000004     app_ble_pem3.oem3 (.const:ti_sysbios_rom_ROM_ti_sysbios_family_arm_cc26xx_Timer_initDevice__I)

.const:ti_sysbios_rom_ROM_ti_sysbios_family_arm_cc26xx_Timer_setNextTick__E 
*          0    00001314    00000004     
                  00001314    00000004     app_ble_pem3.oem3 (.const:ti_sysbios_rom_ROM_ti_sysbios_family_arm_cc26xx_Timer_setNextTick__E)

.const:ti_sysbios_rom_ROM_ti_sysbios_family_arm_cc26xx_Timer_setThreshold__I 
*          0    00001318    00000004     
                  00001318    00000004     app_ble_pem3.oem3 (.const:ti_sysbios_rom_ROM_ti_sysbios_family_arm_cc26xx_Timer_setThreshold__I)

.const:ti_sysbios_rom_ROM_ti_sysbios_family_arm_cc26xx_Timer_start__E 
*          0    0000131c    00000004     
                  0000131c    00000004     app_ble_pem3.oem3 (.const:ti_sysbios_rom_ROM_ti_sysbios_family_arm_cc26xx_Timer_start__E)

.const:ti_sysbios_rom_ROM_ti_sysbios_family_arm_cc26xx_TimestampProvider_get32__E 
*          0    00001320    00000004     
                  00001320    00000004     app_ble_pem3.oem3 (.const:ti_sysbios_rom_ROM_ti_sysbios_family_arm_cc26xx_TimestampProvider_get32__E)

.const:ti_sysbios_rom_ROM_xdc_runtime_Startup_getState__I 
*          0    00001324    00000004     
                  00001324    00000004     app_ble_pem3.oem3 (.const:ti_sysbios_rom_ROM_xdc_runtime_Startup_getState__I)

.const:ti_sysbios_rom_ROM_xdc_runtime_System_SupportProxy_abort__E 
*          0    00001328    00000004     
                  00001328    00000004     app_ble_pem3.oem3 (.const:ti_sysbios_rom_ROM_xdc_runtime_System_SupportProxy_abort__E)

.const:ti_sysbios_rom_ROM_xdc_runtime_System_SupportProxy_exit__E 
*          0    0000132c    00000004     
                  0000132c    00000004     app_ble_pem3.oem3 (.const:ti_sysbios_rom_ROM_xdc_runtime_System_SupportProxy_exit__E)

.text.2    0    00001330    00010454     
                  00001330    00000544     cc2640_ll_xcxx.a : ble.o (.text)
                  00001874    0000048c                      : ll_master_end_causes.o (.text)
                  00001d00    00000478     server.obj (.text:SimpleBLECentral_taskFxn$2)
                  00002178    00000375     server.obj (.text:SimpleBLECentral_processStackMsg$2)
                  000024ed    00000001     --HOLE-- [fill = 0]
                  000024ee    00000002     ble_user_config.obj (.text:DefaultAssertCback)
                  000024f0    00000340     simple_central_cc2640r2lp_stack_library.lib : gapbondmgr.obj (.text:GAPBondMgr_ProcessEvent)
                  00002830    00000340     cc2640_ll_xcxx.a : ll_init_end_causes.o (.text)
                  00002b70    0000033c     RFCC26XX_singleMode.obj (.text:fsmActiveState$5)
                  00002eac    0000033c     rom_sysbios.aem3 : rom_sysbios.obj (.text:xdc_runtime_System_doPrint__I)
                  000031e8    00000314     drivers_cc26x0r2.aem3 : PowerCC26XX_calibrateRCOSC.oem3 (.text:PowerCC26XX_auxISR)
                  000034fc    000002f8     cc2640_ll_xcxx.a : ll_isr.o (.text)
                  000037f4    000002bc     simple_central_cc2640r2lp_stack_library.lib : icall_startup.obj (.text:startup_entry)
                  00003ab0    00000288     cc2640_ll_xcxx.a : ll_isr.o (.text)
                  00003d38    0000025c     simple_central_cc2640r2lp_stack_library.lib : gapbondmgr.obj (.text:GAPBondMgr_SetParameter)
                  00003f94    00000258     drivers_cc26x0r2.aem3 : CryptoCC26XX.oem3 (.text:cryptoTransactionExecute)
                  000041ec    00000244                           : PowerCC26XX.oem3 (.text:Power_sleep)
                  00004430    00000244     cc26xx_profiles_xcxx.a : gapgattserver.o (.text)
                  00004674    00000234     cc2640_ll_xcxx.a : ll.o (.text)
                  000048a8    00000220     RFCC26XX_singleMode.obj (.text:RF_open)
                  00004ac8    00000214     cc2640_ll_xcxx.a : ll_common.o (.text)
                  00004cdc    00000210     driverlib.lib : sys_ctrl.obj (.text:NOROM_SysCtrlSetRechargeBeforePowerDown)
                  00004eec    00000204     cc26xx_profiles_xcxx.a : gattservapp.o (.text)
                  000050f0    00000204     cc26xx_sm_xcxx.a : sm_pairing.o (.text)
                  000052f4    000001f4     rtsv7M3_T_le_eabi.lib : ull_div_t2.obj (.text)
                  000054e8    000001dc     RFCC26XX_singleMode.obj (.text:fsmSetupState$5)
                  000056c4    000001d0     simple_central_cc2640r2lp_stack_library.lib : gapbondmgr.obj (.text:gapBondMgrAddBond$29)
                  00005894    000001c8     cc26xx_sm_xcxx.a : sm_intpairing.o (.text)
                  00005a5c    000001c0     simple_central_cc2640r2lp_stack_library.lib : osal.obj (.text:osal_start_system)
                  00005c1c    000001bc     drivers_cc26x0r2.aem3 : PINCC26XX.oem3 (.text:PIN_init)
                  00005dd8    000001bc     RFCC26XX_singleMode.obj (.text:hwiFxnCpe0Active$5)
                  00005f94    000001b4     cc2640_ll_xcxx.a : ll_isr.o (.text)
                  00006148    00000194     ECCROMCC26XX.obj (.text:ECCROMCC26XX_genDHKey)
                  000062dc    00000190     drivers_cc26x0r2.aem3 : PowerCC26XX_calibrateRCOSC.oem3 (.text:PowerCC26XX_doCalibrate)
                  0000646c    00000190     simple_central_cc2640r2lp_stack_library.lib : gapbondmgr.obj (.text:gapBondMgrAuthenticate$29)
                  000065fc    00000190     icall.obj (.text:icall_directAPI)
                  0000678c    0000017c     cc2640_ll_xcxx.a : ll_master_end_causes.o (.text)
                  00006908    00000174     cc26xx_gatt_xcxx.a : gatt_client.o (.text)
                  00006a7c    00000160                        : gatt_client.o (.text)
                  00006bdc    0000015c     drivers_cc26x0r2.aem3 : UARTCC26XX.oem3 (.text:UARTCC26XX_open)
                  00006d38    00000154                           : I2CCC26XX.oem3 (.text:I2CCC26XX_open)
                  00006e8c    00000150     cc26xx_sm_xcxx.a : sm_intpairing.o (.text)
                  00006fdc    00000140     main.obj (.text:AssertHandler)
                  0000711c    00000140     cc2640_ll_xcxx.a : ll_master_end_causes.o (.text)
                  0000725c    00000130                      : ll.o (.text)
                  0000738c    0000012c     drivers_cc26x0r2.aem3 : PowerCC26XX.oem3 (.text:Power_init)
                  000074b8    00000128     ECCROMCC26XX.obj (.text:ECCROMCC26XX_genKeys)
                  000075e0    00000128     cc2640_ll_xcxx.a : ll_scheduler.o (.text)
                  00007708    00000128     simple_central_cc2640r2lp_stack_library.lib : gapbondmgr.obj (.text:gapBondMgrEraseBonding$29)
                  00007830    0000011c     drivers_cc26x0r2.aem3 : UARTCC26XX.oem3 (.text:UARTCC26XX_read)
                  0000794c    0000011c     simple_central_cc2640r2lp_stack_library.lib : osal_snv_wrapper.obj (.text:compactPage$26)
                  00007a68    00000114     server.obj (.text:SimpleBLECentral_processGATTDiscEvent$2)
                  00007b7c    00000112     drivers_cc26x0r2.aem3 : UARTCC26XX.oem3 (.text:UARTCC26XX_hwiIntFxn)
                  00007c8e    00000112     cc26xx_gatt_xcxx.a : gatt_server.o (.text)
                  00007da0    00000104     cc26xx_gap_xcxx.a : gap_centdevmgr.o (.text)
                  00007ea4    00000100     drivers_cc26x0r2.aem3 : I2CCC26XX.oem3 (.text:I2CCC26XX_hwiFxn)
                  00007fa4    00000100     cc2640_ll_xcxx.a : ll_scan_end_causes.o (.text)
                  000080a4    00000100     RFCC26XX_singleMode.obj (.text:radioOpDoneCb$5)
                  000081a4    000000fc     simple_central_cc2640r2lp_stack_library.lib : gapbondmgr.obj (.text:GAPBondMgr_LinkEst)
                  000082a0    000000fc     RFCC26XX_singleMode.obj (.text:RF_postCmd)
                  0000839c    000000fc     drivers_cc26x0r2.aem3 : UARTCC26XX.oem3 (.text:UARTCC26XX_write)
                  00008498    000000fc     cc26xx_gap_xcxx.a : gap_centlinkmgr.o (.text)
                  00008594    000000f8     simple_central_cc2640r2lp_stack_library.lib : osal_snv_wrapper.obj (.text:osal_snv_write)
                  0000868c    000000f8     app_ble_pem3.oem3 (.text:xdc_runtime_System_printfExtend__I)
                  00008784    000000f0     drivers_cc26x0r2.aem3 : GPIOCC26XX.oem3 (.text:GPIO_setConfig)
                  00008874    000000f0     central.obj (.text:gapCentralRole_ProcessGAPMsg$12)
                  00008964    000000ec     RFCC26XX_singleMode.obj (.text:RF_pendCmd)
                  00008a50    000000ec     RFCC26XX_singleMode.obj (.text:fsmPowerUpState$5)
                  00008b3c    000000e8     dpl_cc26x0r2.aem3 : PowerCC26XX_tirtos.oem3 (.text:PowerCC26XX_standbyPolicy)
                  00008c24    000000e8     simple_central_cc2640r2lp_stack_library.lib : osal_timers.obj (.text:osalTimerUpdate)
                  00008d0c    000000e4     cc26xx_gatt_xcxx.a : gatt_client.o (.text)
                  00008df0    000000e4     cc26xx_sm_xcxx.a : sm_intpairing.o (.text)
                  00008ed4    000000e4                      : sm_pairing.o (.text)
                  00008fb8    000000dc     drivers_cc26x0r2.aem3 : PINCC26XX.oem3 (.text:PINCC26XX_setIoCfg)
                  00009094    000000dc     cc26xx_gap_xcxx.a : gap_centdevmgr.o (.text)
                  00009170    000000d4     drivers_cc26x0r2.aem3 : CryptoCC26XX.oem3 (.text:CryptoCC26XX_open)
                  00009244    000000d4     central.obj (.text:gapCentralRole_taskFxn$12)
                  00009318    000000d0     main.obj (.text:main)
                  000093e8    000000cc     cc2640_ll_xcxx.a : ll_scan_end_causes.o (.text)
                  000094b4    000000c4     cc26xx_sm_xcxx.a : sm_pairing.o (.text)
                  00009578    000000c0     drivers_cc26x0r2.aem3 : I2CCC26XX.oem3 (.text:I2CCC26XX_transfer)
                  00009638    000000bc                           : GPIOCC26XX.oem3 (.text:GPIO_init)
                  000096f4    000000bc                           : PowerCC26XX.oem3 (.text:Power_releaseDependency)
                  000097b0    000000b8     driverlib.lib : setup.obj (.text:NOROM_SetupTrimDevice)
                  00009868    000000b8     cc2640_ll_xcxx.a : ll_scheduler.o (.text)
                  00009920    000000b4     drivers_cc26x0r2.aem3 : PowerCC26XX.oem3 (.text:Power_setDependency)
                  000099d4    000000b0     TRNGCC26XX.obj (.text:TRNGCC26XX_getNumber)
                  00009a84    000000b0     drivers_cc26x0r2.aem3 : UARTCC26XX.oem3 (.text:UARTCC26XX_initHw)
                  00009b34    000000b0     RFCC26XX_singleMode.obj (.text:abortCmd$5)
                  00009be4    000000ac     display.aem3 : DisplayUart.oem3 (.text:DisplayUartAnsi_clearLines)
                  00009c90    000000a8     cc26xx_gatt_xcxx.a : gatt_client.o (.text)
                  00009d38    000000a8     i2c_disp.obj (.text:i2c_ssd1306_init)
                  00009de0    000000a8     RFCC26XX_singleMode.obj (.text:swiFxnHw$5)
                  00009e88    000000a7     display.aem3 : DisplayUart.oem3 (.text:DisplayUartAnsi_open)
                  00009f2f    00000001     --HOLE-- [fill = 0]
                  00009f30    000000a4     simple_central_cc2640r2lp_stack_library.lib : gapbondmgr.obj (.text:GAPBondMgr_ResolveAddr)
                  00009fd4    000000a4     cc2640_ll_xcxx.a : ll.o (.text)
                  0000a078    000000a4     cc26xx_sm_xcxx.a : sm_intpairing.o (.text)
                  0000a11c    000000a4     simple_central_cc2640r2lp_stack_library.lib : osal.obj (.text:osal_msg_enqueue_push$21)
                  0000a1c0    000000a4     drivers_cc26x0r2.aem3 : PowerCC26XX.oem3 (.text:switchXOSCHFclockFunc)
                  0000a264    000000a0     auto_init.aem3 : auto_init.oem3 (.text)
                  0000a304    000000a0     RFCC26XX_singleMode.obj (.text:discardPendCmd$5)
                  0000a3a4    0000009f     display.aem3 : DisplayUart.oem3 (.text:DisplayUartAnsi_vprintf)
                  0000a443    00000001     --HOLE-- [fill = 0]
                  0000a444    0000009e     simple_central_cc2640r2lp_stack_library.lib : gapbondmgr.obj (.text:gapBondMgrUpdateCharCfg$29)
                  0000a4e2    00000002     display.aem3 : DisplayUart.oem3 (.text:DisplayUartAnsi_init)
                  0000a4e4    0000009e     rom_sysbios.aem3 : rom_sysbios.obj (.text:xdc_runtime_Text_putSite__E)
                  0000a582    00000002     simple_central_cc2640r2lp_stack_library.lib : onboard.obj (.text:Onboard_soft_reset)
                  0000a584    0000009c                                                 : osal_cbtimer.obj (.text:cbTimerSetup$23)
                  0000a620    0000009c     cc2640_ll_xcxx.a : ll_scheduler.o (.text)
                  0000a6bc    0000009c     rtsv7M3_T_le_eabi.lib : memcpy_t2.obj (.text)
                  0000a758    00000098     drivers_cc26x0r2.aem3 : PINCC26XX.oem3 (.text:PIN_open)
                  0000a7f0    00000098                           : UARTCC26XX.oem3 (.text:UARTCC26XX_initIO)
                  0000a888    00000098     cc26xx_gap_xcxx.a : gap_centdevmgr.o (.text)
                  0000a920    00000098     rom_sysbios.aem3 : rom_sysbios.obj (.text:ti_sysbios_knl_Clock_workFuncDynamic__E)
                  0000a9b8    00000098                      : rom_sysbios.obj (.text:xdc_runtime_Text_putMod__E)
                  0000aa50    00000094     icall.obj (.text:ICall_setTimer)
                  0000aae4    00000094     simple_central_cc2640r2lp_stack_library.lib : osal.obj (.text:osal_msg_receive)
                  0000ab78    00000094                                                 : osal_timers.obj (.text:osal_timer_refTimeUpdate)
                  0000ac0c    00000090     drivers_cc26x0r2.aem3 : I2CCC26XX.oem3 (.text:I2CCC26XX_cancel)
                  0000ac9c    00000090     driverlib.lib : crypto.obj (.text:NOROM_CRYPTOAesLoadKey)
                  0000ad2c    00000090                   : setup.obj (.text:TrimAfterColdResetWakeupFromShutDown$18)
                  0000adbc    00000090     cc2640_hci_tl_none.a : hci_tl.o (.text)
                  0000ae4c    00000090     cc2640_ll_xcxx.a : ll_enc.o (.text)
                  0000aedc    00000090     cc26xx_sm_xcxx.a : sm_intpairing.o (.text)
                  0000af6c    00000090     simple_central_cc2640r2lp_stack_library.lib : osal_cbtimer.obj (.text:osal_CbTimerProcessEvent)
                  0000affc    0000008c                                                 : gapbondmgr.obj (.text:GAPBondMgr_SlaveReqSecurity)
                  0000b088    0000008c     drivers_cc26x0r2.aem3 : I2CCC26XX.oem3 (.text:I2CCC26XX_primeTransfer)
                  0000b114    0000008c     icall.obj (.text:ICall_heapMalloc)
                  0000b1a0    0000008c     drivers_cc26x0r2.aem3 : UARTCC26XX.oem3 (.text:UARTCC26XX_close)
                  0000b22c    0000008c                           : UARTCC26XX.oem3 (.text:UARTCC26XX_writeCancel)
                  0000b2b8    0000008c     cc26xx_gatt_xcxx.a : gatt_client.o (.text)
                  0000b344    0000008c                        : gatt_client.o (.text)
                  0000b3d0    0000008c     RFCC26XX_singleMode.obj (.text:ratFreeChannel$5)
                  0000b45c    0000008c     drivers_cc26x0r2.aem3 : UARTCC26XX.oem3 (.text:writeFinishedDoCallback)
                  0000b4e8    00000088                           : CryptoCC26XX.oem3 (.text:CryptoCC26XX_allocateKey)
                  0000b570    00000088     RFCC26XX_singleMode.obj (.text:hwiFxnHw$5)
                  0000b5f8    00000086     cc2640_ll_xcxx.a : ll_common.o (.text)
                  0000b67e    0000007e     cc26xx_gatt_xcxx.a : gatt_client.o (.text)
                  0000b6fc    0000007c     cc2640_hci_xcxx.a : hci_event.o (.text)
                  0000b778    0000007c     cc2640_ll_xcxx.a : ll_init_end_causes.o (.text)
                  0000b7f4    0000007c                      : ll_scan_end_causes.o (.text)
                  0000b870    0000007c                      : ll_scheduler.o (.text)
                  0000b8ec    0000007c     cc26xx_gatt_xcxx.a : gatt_client.o (.text)
                  0000b968    0000007c     simple_central_cc2640r2lp_stack_library.lib : osal.obj (.text:osal_event_send$21)
                  0000b9e4    0000007c     RFCC26XX_singleMode.obj (.text:rfReleaseConstraint)
                  0000ba60    0000007a     rtsv7M3_T_le_eabi.lib : memset_t2.obj (.text)
                  0000bada    00000002     simple_central_cc2640r2lp_stack_library.lib : sm_ecc.obj (.text:SM_dhKeyCB)
                  0000badc    00000078                                                 : gapbondmgr.obj (.text:GAPBondMgr_syncResolvingList)
                  0000bb54    00000078     cc26xx_gap_xcxx.a : gap_centdevmgr.o (.text)
                  0000bbcc    00000078     cc26xx_profiles_xcxx.a : gattservapp.o (.text)
                  0000bc44    00000078     drivers_cc26x0r2.aem3 : UARTCC26XX.oem3 (.text:writeTxFifoFlush)
                  0000bcbc    00000076     cc26xx_gatt_xcxx.a : gatt_client.o (.text)
                  0000bd32    00000074     cc2640_ll_xcxx.a : ll_common.o (.text)
                  0000bda6    00000002     simple_central_cc2640r2lp_stack_library.lib : sm_ecc.obj (.text:SM_p256KeyCB)
                  0000bda8    00000074     rom_sysbios.aem3 : rom_sysbios.obj (.text:ti_sysbios_family_arm_cc26xx_Timer_start__E)
                  0000be1c    00000070     icall.obj (.text:ICall_heapGetStats)
                  0000be8c    00000070     icall.obj (.text:ICall_heapInit)
                  0000befc    00000070     driverlib.lib : sys_ctrl.obj (.text:NOROM_SysCtrlAdjustRechargeAfterPowerDown)
                  0000bf6c    00000070     simple_central_cc2640r2lp_stack_library.lib : ble_dispatch_lite.obj (.text:ble_dispatch_liteProcess)
                  0000bfdc    00000070     cc26xx_profiles_xcxx.a : gapgattserver.o (.text)
                  0000c04c    00000070     cc26xx_sm_xcxx.a : sm_intpairing.o (.text)
                  0000c0bc    00000070     drivers_cc26x0r2.aem3 : PowerCC26XX.oem3 (.text:lfClockReadyCallback)
                  0000c12c    00000070     simple_central_cc2640r2lp_stack_library.lib : osal_snv_wrapper.obj (.text:writeWord$26)
                  0000c19c    0000006d     rom_sysbios.aem3 : rom_sysbios.obj (.text:xdc_runtime_System_formatNum__I)
                  0000c209    00000001     --HOLE-- [fill = 0]
                  0000c20a    00000002     RFCC26XX_singleMode.obj (.text:defaultCallback$5)
                  0000c20c    0000006c     icall.obj (.text:ICall_send)
                  0000c278    0000006c     icall.obj (.text:ICall_sendServiceComplete)
                  0000c2e4    0000006c     driverlib.lib : osc.obj (.text:NOROM_OSCHF_AttemptToSwitchToXosc)
                  0000c350    0000006c     drivers_cc26x0r2.aem3 : PowerCC26XX_calibrateRCOSC.oem3 (.text:PowerCC26XX_initiateCalibration)
                  0000c3bc    0000006c     cc26xx_gap_xcxx.a : gap_centdevmgr.o (.text)
                  0000c428    0000006c     cc26xx_gatt_xcxx.a : gatt_client.o (.text)
                  0000c494    0000006c                        : gatt_client.o (.text)
                  0000c500    0000006c                        : gatt_client.o (.text)
                  0000c56c    0000006c     cc26xx_sm_xcxx.a : sm_intpairing.o (.text)
                  0000c5d8    0000006c     drivers_cc26x0r2.aem3 : PowerCC26XX.oem3 (.text:configureXOSCHF)
                  0000c644    0000006c     RFCC26XX_singleMode.obj (.text:ratDispatchTime$5)
                  0000c6b0    00000068     drivers_cc26x0r2.aem3 : I2CCC26XX.oem3 (.text:I2CCC26XX_close)
                  0000c718    00000068     driverlib.lib : sys_ctrl.obj (.text:NOROM_SysCtrl_DCDC_VoltageConditionalControl)
                  0000c780    00000068     drivers_cc26x0r2.aem3 : UARTCC26XX.oem3 (.text:UARTCC26XX_readCancel)
                  0000c7e8    00000068     rtsv7M3_T_le_eabi.lib : copy_decompress_lzss.obj (.text:decompress:lzss)
                  0000c850    00000068     simple_central_cc2640r2lp_stack_library.lib : osal_cbtimer.obj (.text:osal_CbTimerUpdate)
                  0000c8b8    00000064     drivers_cc26x0r2.aem3 : PINCC26XX.oem3 (.text:PIN_add)
                  0000c91c    00000064     cc26xx_profiles_xcxx.a : gattservapp.o (.text)
                  0000c980    00000064     cc26xx_sm_xcxx.a : sm_intpairing.o (.text)
                  0000c9e4    00000064     i2c_disp.obj (.text:ssd1306_clearScreen)
                  0000ca48    00000062     simple_central_cc2640r2lp_stack_library.lib : gapbondmgr.obj (.text:gapBondMgrBondReq$29)
                  0000caaa    00000002     drivers_cc26x0r2.aem3 : PowerCC26XX.oem3 (.text:emptyClockFunc)
                  0000caac    00000060     icall.obj (.text:ICall_createRemoteTasksAtRuntime)
                  0000cb0c    00000060     icall.obj (.text:ICall_enrollService)
                  0000cb6c    00000060     RFCC26XX_singleMode.obj (.text:fsmXOSCState$5)
                  0000cbcc    0000005e     icall.obj (.text:ICall_fetchMsg)
                  0000cc2a    0000005e     cc26xx_gatt_xcxx.a : gatt_client.o (.text)
                  0000cc88    0000005c     display.aem3 : Display.oem3 (.text:Display_doOpen)
                  0000cce4    0000005c     icall.obj (.text:ICall_pwrUpdActivityCounter)
                  0000cd40    0000005c     drivers_cc26x0r2.aem3 : PowerCC26XX_calibrateRCOSC.oem3 (.text:PowerCC26XX_RCOSC_clockFunc)
                  0000cd9c    0000005c                           : PowerCC26XX.oem3 (.text:PowerCC26XX_calibrate)
                  0000cdf8    0000005c     cc26xx_gap_xcxx.a : gap_centlinkmgr.o (.text)
                  0000ce54    0000005c     cc26xx_gatt_xcxx.a : gatt_client.o (.text)
                  0000ceb0    0000005c     cc26xx_profiles_xcxx.a : gattservapp.o (.text)
                  0000cf0c    0000005c     cc26xx_sm_xcxx.a : sm_intpairing.o (.text)
                  0000cf68    0000005c     app_ble_pem3.oem3 (.text:xdc_runtime_Startup_getState__I)
                  0000cfc4    0000005b     rom_sysbios.aem3 : rom_sysbios.obj (.text:xdc_runtime_Text_putLab__E)
                  0000d01f    00000001     --HOLE-- [fill = 0]
                  0000d020    0000005a     RFCC26XX_singleMode.obj (.text:syncCb$5)
                  0000d07a    00000058     drivers_cc26x0r2.aem3 : I2CCC26XX.oem3 (.text:I2CCC26XX_swiFxn)
                  0000d0d2    00000058     icall.obj (.text:ICall_wait)
                  0000d12a    00000002     simple_central_cc2640r2lp_stack_library.lib : hal_assert.obj (.text:halAssertHandler)
                  0000d12c    00000058     drivers_cc26x0r2.aem3 : PINCC26XX.oem3 (.text:PIN_remove)
                  0000d184    00000058     RFCC26XX_singleMode.obj (.text:RF_getCurrentTime)
                  0000d1dc    00000058     drivers_cc26x0r2.aem3 : UARTCC26XX.oem3 (.text:UARTCC26XX_control)
                  0000d234    00000058     cc26xx_gap_xcxx.a : gap_centdevmgr.o (.text)
                  0000d28c    00000058     cc26xx_sm_xcxx.a : sm_intpairing.o (.text)
                  0000d2e4    00000058                      : sm_intpairing.o (.text)
                  0000d33c    00000058     RFCC26XX_singleMode.obj (.text:dispatchNextEvent$5)
                  0000d394    00000058     simple_central_cc2640r2lp_stack_library.lib : osal_snv_wrapper.obj (.text:findItem$26)
                  0000d3ec    00000058                                                 : gapbondmgr.obj (.text:gapBondMgrReadBonds$29)
                  0000d444    00000058                                                 : osal_cbtimer.obj (.text:osal_CbTimerStop)
                  0000d49c    00000056     cc26xx_gap_xcxx.a : gap_centlinkmgr.o (.text)
                  0000d4f2    00000054     cc26xx_gatt_xcxx.a : gatt_client.o (.text)
                  0000d546    00000002     simple_central_cc2640r2lp_stack_library.lib : hal_assert.obj (.text:halAssertSpinlock)
                  0000d548    00000054     RFCC26XX_singleMode.obj (.text:cmdDispatchTime$5)
                  0000d59c    00000054     rtsv7M3_T_le_eabi.lib : exit.obj (.text)
                  0000d5f0    00000052     simple_central_cc2640r2lp_stack_library.lib : gap.obj (.text:GAP_DeviceInit)
                  0000d642    00000002     icall_api_lite.obj (.text:rfErrCb)
                  0000d644    00000050     ECCROMCC26XX.obj (.text:ECCROMCC26XX_Params_init)
                  0000d694    00000050     simple_central_cc2640r2lp_stack_library.lib : gapbondmgr.obj (.text:GAPBondMgr_LinkTerm)
                  0000d6e4    00000050     icall.obj (.text:ICall_registerApp)
                  0000d734    00000050     simple_central_cc2640r2lp_stack_library.lib : npi.obj (.text:NPI_WriteTransport)
                  0000d784    00000050     RFCC26XX_singleMode.obj (.text:RF_getInfo)
                  0000d7d4    00000050     server.obj (.text:SimpleBLECentral_enqueueMsg$2)
                  0000d824    00000050     util.obj (.text:Util_convertBdAddr2Str)
                  0000d874    00000050     cc26xx_profiles_xcxx.a : gattservapp.o (.text)
                  0000d8c4    00000050     drivers_cc26x0r2.aem3 : UARTCC26XX.oem3 (.text:startTxFifoEmptyClk)
                  0000d914    0000004c     icall.obj (.text:ICall_newTask$7)
                  0000d960    0000004c     RFCC26XX_singleMode.obj (.text:RF_wakeupNotifyFxn$5)
                  0000d9ac    0000004c     cc26xx_att_xcxx.a : att_client.o (.text)
                  0000d9f8    0000004c     cc26xx_gap_xcxx.a : gap_centdevmgr.o (.text)
                  0000da44    0000004c     simple_central_cc2640r2lp_stack_library.lib : osal_bufmgr.obj (.text:osal_bm_free)
                  0000da90    0000004c     drivers_cc26x0r2.aem3 : GPIOCC26XX.oem3 (.text:powerPostNotify)
                  0000dadc    0000004c     rtsv7M3_T_le_eabi.lib : cpy_tbl.obj (.text)
                  0000db28    00000048     dpl_cc26x0r2.aem3 : ClockP_tirtos.oem3 (.text:ClockP_construct)
                  0000db70    00000048     ECCROMCC26XX.obj (.text:ECC_initGlobals$4)
                  0000dbb8    00000048     drivers_cc26x0r2.aem3 : PINCC26XX.oem3 (.text:PIN_setOutputEnable)
                  0000dc00    00000048     RFCC26XX_singleMode.obj (.text:Q_push$5)
                  0000dc48    00000048     util.obj (.text:Util_constructClock)
                  0000dc90    00000048     cc26xx_gatt_xcxx.a : gatt_client.o (.text)
                  0000dcd8    00000048     cc26xx_sm_xcxx.a : sm_intpairing.o (.text)
                  0000dd20    00000048                      : sm_intpairing.o (.text)
                  0000dd68    00000048     simple_central_cc2640r2lp_stack_library.lib : gapbondmgr.obj (.text:gapBondMgrUpdateLruBondList$29)
                  0000ddb0    00000048                                                 : osal_timers.obj (.text:osalAddTimer)
                  0000ddf8    00000048     rom_sysbios.aem3 : rom_sysbios.obj (.text:ti_sysbios_family_arm_cc26xx_Timer_setThreshold__I)
                  0000de40    00000046     cc26xx_gatt_xcxx.a : gatt_client.o (.text)
                  0000de86    00000044     drivers_cc26x0r2.aem3 : CryptoCC26XX.oem3 (.text:CryptoCC26XX_loadKey)
                  0000deca    00000002     rtsv7M3_T_le_eabi.lib : i_div0.obj (.text)
                  0000decc    00000044     drivers_cc26x0r2.aem3 : I2CCC26XX.oem3 (.text:I2CCC26XX_initHw)
                  0000df10    00000044     driverlib.lib : osc.obj (.text:NOROM_OSCHF_SwitchToRcOscTurnOffXosc)
                  0000df54    00000044     drivers_cc26x0r2.aem3 : RingBuf.oem3 (.text:RingBuf_put)
                  0000df98    00000044     boot.aem3 : boot.oem3 (.text)
                  0000dfdc    00000044     cc2640_ll_xcxx.a : ll_scheduler.o (.text)
                  0000e020    00000044     cc26xx_gap_xcxx.a : gap_centdevmgr.o (.text)
                  0000e064    00000044     cc26xx_profiles_xcxx.a : gattservapp.o (.text)
                  0000e0a8    00000044     simple_central_cc2640r2lp_stack_library.lib : osal_snv_wrapper.obj (.text:erasePage$26)
                  0000e0ec    00000044     drivers_cc26x0r2.aem3 : PowerCC26XX.oem3 (.text:notify)
                  0000e130    00000044     simple_central_cc2640r2lp_stack_library.lib : osal_timers.obj (.text:osal_start_timerEx)
                  0000e174    00000044     rom_sysbios.aem3 : rom_sysbios.obj (.text:xdc_runtime_Text_xprintf__I)
                  0000e1b8    00000042     simple_central_cc2640r2lp_stack_library.lib : gapbondmgr.obj (.text:GAPBondMgr_UpdateCharCfg)
                  0000e1fa    00000042     cc2640_ll_xcxx.a : ll_access_address.o (.text)
                  0000e23c    00000040     ECCROMCC26XX.obj (.text:ECCROMCC26XX_init)
                  0000e27c    00000040     drivers_cc26x0r2.aem3 : I2C.oem3 (.text:I2C_init)
                  0000e2bc    00000040                           : I2C.oem3 (.text:I2C_open)
                  0000e2fc    00000040                           : PINCC26XX.oem3 (.text:PIN_swi)
                  0000e33c    00000040                           : PowerCC26XX.oem3 (.text:PowerCC26XX_isStableXOSC_HF)
                  0000e37c    00000040                           : UART.oem3 (.text:UART_init)
                  0000e3bc    00000040                           : UART.oem3 (.text:UART_open)
                  0000e3fc    00000040     cc26xx_gap_xcxx.a : gap_centdevmgr.o (.text)
                  0000e43c    00000040                       : gap_centdevmgr.o (.text)
                  0000e47c    00000040     cc26xx_profiles_xcxx.a : gattservapp.o (.text)
                  0000e4bc    00000040                            : gattservapp.o (.text)
                  0000e4fc    00000040     rtsv7M3_T_le_eabi.lib : u_divt2.obj (.text)
                  0000e53c    00000040     rom_sysbios.aem3 : rom_sysbios.obj (.text:ti_sysbios_heaps_HeapCallback_Module_startup__E)
                  0000e57c    0000003e     dpl_cc26x0r2.aem3 : HwiP_tirtos.oem3 (.text:HwiP_construct)
                  0000e5ba    0000003e     drivers_cc26x0r2.aem3 : RingBuf.oem3 (.text:RingBuf_get)
                  0000e5f8    0000003e     cc26xx_gatt_xcxx.a : gatt_client.o (.text)
                  0000e636    00000002     app_ble_pem3.oem3 (.text:ti_sysbios_BIOS_nullFunc__I)
                  0000e638    0000003c     simple_central_cc2640r2lp_stack_library.lib : gapbondmgr.obj (.text:GAPBondMgr_ReadCentAddrResChar)
                  0000e674    0000003c     central.obj (.text:GAPCentralRole_createTask)
                  0000e6b0    0000003c     driverlib.lib : i2c.obj (.text:NOROM_I2CMasterInitExpClk)
                  0000e6ec    0000003c                   : osc.obj (.text:NOROM_OSC_HPOSCRelativeFrequencyOffsetGet)
                  0000e728    0000003c     server.obj (.text:SimpleBLECentral_CancelRssi$2)
                  0000e764    0000003c     server.obj (.text:SimpleBLECentral_createTask)
                  0000e7a0    0000003c     dpl_cc26x0r2.aem3 : SwiP_tirtos.oem3 (.text:SwiP_construct)
                  0000e7dc    0000003c     cc2640_hci_tl_none.a : hci_tl.o (.text)
                  0000e818    0000003c     cc2640_ll_xcxx.a : ll_scheduler.o (.text)
                  0000e854    0000003c     cc26xx_gap_xcxx.a : gap_centdevmgr.o (.text)
                  0000e890    0000003c                       : gap_centlinkmgr.o (.text)
                  0000e8cc    0000003c     cc26xx_profiles_xcxx.a : gattservapp.o (.text)
                  0000e908    0000003c                            : gattservapp.o (.text)
                  0000e944    0000003c     cc26xx_sm_xcxx.a : sm_intpairing.o (.text)
                  0000e980    0000003c     drivers_cc26x0r2.aem3 : PowerCC26XX.oem3 (.text:disableLfClkQualifiersEnableClkLoss)
                  0000e9bc    0000003c     simple_central_cc2640r2lp_stack_library.lib : osal_bufmgr.obj (.text:osal_bm_alloc)
                  0000e9f8    0000003c                                                 : osal_timers.obj (.text:osal_start_reload_timer)
                  0000ea34    0000003c     rom_sysbios.aem3 : rom_sysbios.obj (.text:ti_sysbios_family_arm_m3_Hwi_construct2__E)
                  0000ea70    0000003a     cc26xx_gatt_xcxx.a : gatt_client.o (.text)
                  0000eaaa    00000002     app_ble_pem3.oem3 (.text:ti_sysbios_rom_cortexm_cc26xx_r2_CC26xx_badRomRevision__E)
                  0000eaac    00000038     board_key.obj (.text:Board_keyCallback$0)
                  0000eae4    00000038     drivers_cc26x0r2.aem3 : GPIOCC26XX.oem3 (.text:GPIO_enableInt)
                  0000eb1c    00000038                           : PINCC26XX.oem3 (.text:PIN_setOutputValue)
                  0000eb54    00000038                           : UARTCC26XX.oem3 (.text:UARTCC26XX_swiIntFxn)
                  0000eb8c    00000038     util.obj (.text:Util_restartClock)
                  0000ebc4    00000038     cc2640_ll_xcxx.a : ll_scheduler.o (.text)
                  0000ebfc    00000038                      : ll_scheduler.o (.text)
                  0000ec34    00000038     cc26xx_gatt_xcxx.a : gatt_client.o (.text)
                  0000ec6c    00000038                        : gatt_client.o (.text)
                  0000eca4    00000038     cc26xx_l2cap_xcxx.a : l2cap_util.o (.text)
                  0000ecdc    00000038     simple_central_cc2640r2lp_stack_library.lib : osal_snv_wrapper.obj (.text:disableCache$26)
                  0000ed14    00000038                                                 : osal.obj (.text:osal_alien2proxy)
                  0000ed4c    00000038                                                 : osal.obj (.text:osal_msec_timer_cback$21)
                  0000ed84    00000038                                                 : osal_timers.obj (.text:osal_stop_timerEx)
                  0000edbc    00000038     rom_sysbios.aem3 : rom_sysbios.obj (.text:ti_sysbios_family_arm_cc26xx_Timer_getCurrentTick__E)
                  0000edf4    00000036     RFCC26XX_singleMode.obj (.text:calculateDispatchTime$5)
                  0000ee2a    00000002     rom_sysbios.aem3 : rom_sysbios.obj (.text:xdc_runtime_SysCallback_defaultAbort)
                  0000ee2c    00000034     simple_central_cc2640r2lp_stack_library.lib : gattservapp_util.obj (.text:GATTServApp_InitCharCfg)
                  0000ee60    00000034     drivers_cc26x0r2.aem3 : GPIOCC26XX.oem3 (.text:GPIO_setCallback)
                  0000ee94    00000034     icall.obj (.text:ICall_heapFree)
                  0000eec8    00000034     icall.obj (.text:ICall_primEntityId2ServiceId$7)
                  0000eefc    00000034     icall.obj (.text:ICall_searchServiceEntity)
                  0000ef30    00000034     drivers_cc26x0r2.aem3 : PINCC26XX.oem3 (.text:PIN_setConfig)
                  0000ef64    00000034                           : PowerCC26XX.oem3 (.text:Power_releaseConstraint)
                  0000ef98    00000034     cc2640_ll_xcxx.a : ll_isr.o (.text)
                  0000efcc    00000034                      : ll_scheduler.o (.text)
                  0000f000    00000034     cc26xx_gap_xcxx.a : gap_centlinkmgr.o (.text)
                  0000f034    00000034     cc26xx_gatt_xcxx.a : gatt_client.o (.text)
                  0000f068    00000034     simple_central_cc2640r2lp_stack_library.lib : osal.obj (.text:osal_clear_event)
                  0000f09c    00000034     RFCC26XX_singleMode.obj (.text:runDirectImmediateCmd$5)
                  0000f0d0    00000034     rom_sysbios.aem3 : rom_sysbios.obj (.text:ti_sysbios_family_arm_cc26xx_Timer_initDevice__I)
                  0000f104    00000032     icall.obj (.text:ICall_fetchServiceMsg)
                  0000f136    00000032     cc2640_ll_xcxx.a : ll_access_address.o (.text)
                  0000f168    00000032                      : ll_access_address.o (.text)
                  0000f19a    00000032     rom_sysbios.aem3 : rom_sysbios.obj (.text:ti_sysbios_family_arm_cc26xx_Timer_setNextTick__E)
                  0000f1cc    00000030     simple_central_cc2640r2lp_stack_library.lib : gapbondmgr.obj (.text:GAPBondMgr_PasscodeRsp)
                  0000f1fc    00000030                                                 : hal_flash_wrapper.obj (.text:HalFlashRead)
                  0000f22c    00000030     icall.obj (.text:ICall_dispatch$7)
                  0000f25c    00000030     icall.obj (.text:ICall_msecs2Ticks$7)
                  0000f28c    00000030     drivers_cc26x0r2.aem3 : PowerCC26XX.oem3 (.text:Power_setConstraint)
                  0000f2bc    00000030     RFCC26XX_singleMode.obj (.text:RF_runCmd)
                  0000f2ec    00000030     cc2640_ll_xcxx.a : ll_access_address.o (.text)
                  0000f31c    00000030                      : ll_access_address.o (.text)
                  0000f34c    00000030     cc26xx_att_xcxx.a : att_client.o (.text)
                  0000f37c    00000030                       : att_client.o (.text)
                  0000f3ac    00000030     cc26xx_gap_xcxx.a : gap_configmgr.o (.text)
                  0000f3dc    00000030     cc26xx_profiles_xcxx.a : gattservapp.o (.text)
                  0000f40c    00000030     simple_central_cc2640r2lp_stack_library.lib : gapbondmgr.obj (.text:gapBondMgr_SyncWhiteList$29)
                  0000f43c    00000030     RFCC26XX_singleMode.obj (.text:getCmd$5)
                  0000f46c    00000030     simple_central_cc2640r2lp_stack_library.lib : osal_timers.obj (.text:osal_get_timeoutEx)
                  0000f49c    00000030     app_ble_pem3.oem3 (.text:ti_sysbios_BIOS_atExitFunc__I)
                  0000f4cc    00000030     app_ble_pem3.oem3 (.text:ti_sysbios_BIOS_startFunc__I)
                  0000f4fc    00000030     app_ble_pem3.oem3 (.text:ti_sysbios_heaps_HeapCallback_Object__create__S)
                  0000f52c    0000002f     rom_sysbios.aem3 : rom_sysbios.obj (.text:xdc_runtime_Text_printVisFxn__I)
                  0000f55b    00000001     --HOLE-- [fill = 0]
                  0000f55c    0000002e     icall_cc2650.obj (.text:ICallPlatform_pwrDispenseImpl$8)
                  0000f58a    0000002e     icall_cc2650.obj (.text:ICallPlatform_pwrRequireImpl$8)
                  0000f5b8    0000002e     cc26xx_profiles_xcxx.a : gattservapp.o (.text)
                  0000f5e6    0000002e     drivers_cc26x0r2.aem3 : CryptoCC26XX.oem3 (.text:cryptoTransactionPend)
                  0000f614    0000002e     simple_central_cc2640r2lp_stack_library.lib : osal.obj (.text:osal_build_uint32)
                  0000f642    0000002e     drivers_cc26x0r2.aem3 : UARTCC26XX.oem3 (.text:readData)
                  0000f670    0000002e                           : UARTCC26XX.oem3 (.text:writeData)
                  0000f69e    00000002     rom_sysbios.aem3 : rom_sysbios.obj (.text:xdc_runtime_SysCallback_defaultExit)
                  0000f6a0    0000002c     icall.obj (.text:ICall_getLocalMsgEntityId)
                  0000f6cc    0000002c     icall.obj (.text:ICall_msgEnqueue$7)
                  0000f6f8    0000002c     icall.obj (.text:ICall_searchTask$7)
                  0000f724    0000002c     driverlib.lib : chipinfo.obj (.text:NOROM_ChipInfo_GetChipFamily)
                  0000f750    0000002c     drivers_cc26x0r2.aem3 : PINCC26XX.oem3 (.text:PINCC26XX_setMux)
                  0000f77c    0000002c     dpl_cc26x0r2.aem3 : SemaphoreP_tirtos.oem3 (.text:SemaphoreP_constructBinary)
                  0000f7a8    0000002c                       : SemaphoreP_tirtos.oem3 (.text:SemaphoreP_createBinary)
                  0000f7d4    0000002c     simple_central_cc2640r2lp_stack_library.lib : ble_dispatch_lite.obj (.text:bleDispatch_BMAlloc)
                  0000f800    0000002c     RFCC26XX_singleMode.obj (.text:calculateDeltaTimeUs$5)
                  0000f82c    0000002c     cc26xx_gap_xcxx.a : gap_centdevmgr.o (.text)
                  0000f858    0000002c     cc26xx_profiles_xcxx.a : gattservapp.o (.text)
                  0000f884    0000002c     cc26xx_sm_xcxx.a : sm_intpairing.o (.text)
                  0000f8b0    0000002c                      : sm_pairing.o (.text)
                  0000f8dc    0000002c     RFCC26XX_singleMode.obj (.text:executeDirectImmediateCmd$5)
                  0000f908    0000002c     simple_central_cc2640r2lp_stack_library.lib : osal_snv_wrapper.obj (.text:findOffset$26)
                  0000f934    0000002c                                                 : gapbondmgr.obj (.text:gapBondMgrFindAddr$29)
                  0000f960    0000002c     rom_sysbios.aem3 : rom_sysbios.obj (.text:ti_sysbios_knl_Clock_getTicksUntilInterrupt__E)
                  0000f98c    0000002a     display.aem3 : DisplayUart.oem3 (.text:DisplayUartAnsi_clear)
                  0000f9b6    0000002a                  : Display.oem3 (.text:Display_doPrintf)
                  0000f9e0    0000002a     rom_sysbios.aem3 : rom_sysbios.obj (.text:ti_sysbios_knl_Clock_getTimeout__E)
                  0000fa0a    0000002a                      : rom_sysbios.obj (.text:xdc_runtime_System_putchar__I)
                  0000fa34    00000028     driverlib.lib : rfc.obj (.text:NOROM_RFCDoorbellSendTo)
                  0000fa5c    00000028     drivers_cc26x0r2.aem3 : PowerCC26XX.oem3 (.text:Power_registerNotify)
                  0000fa84    00000028     driverlib.lib : adi.obj (.text:SafeHapiVoid)
                  0000faac    00000028     TRNGCC26XX.obj (.text:TRNGCC26XX_init)
                  0000fad4    00000028     cc2640_ll_xcxx.a : ll_access_address.o (.text)
                  0000fafc    00000028     cc26xx_gatt_xcxx.a : gatt_client.o (.text)
                  0000fb24    00000028     simple_central_cc2640r2lp_stack_library.lib : gapbondmgr.obj (.text:gapBondMgrBondTotal$29)
                  0000fb4c    00000028                                                 : osal_bufmgr.obj (.text:osal_bm_adjust_header)
                  0000fb74    00000028                                                 : osal_timers.obj (.text:osal_next_timeout)
                  0000fb9c    00000028                                                 : osal_snv_wrapper.obj (.text:osal_snv_compact)
                  0000fbc4    00000028     drivers_cc26x0r2.aem3 : UARTCC26XX.oem3 (.text:readData2RingBuf)
                  0000fbec    00000026     simple_central_cc2640r2lp_stack_library.lib : gapbondmgr.obj (.text:gapBondMgrGetStateFlags$29)
                  0000fc12    00000002     rom_sysbios.aem3 : rom_sysbios.obj (.text:xdc_runtime_SysCallback_defaultFlush)
                  0000fc14    00000024     drivers_cc26x0r2.aem3 : CryptoCC26XX.oem3 (.text:CryptoCC26XX_hwiIntFxn)
                  0000fc38    00000024                           : GPIOCC26XX.oem3 (.text:GPIO_hwiIntFxn)
                  0000fc5c    00000024     driverlib.lib : chipinfo.obj (.text:NOROM_ChipInfo_GetChipType)
                  0000fc80    00000024                   : osc.obj (.text:NOROM_OSCHF_TurnOnXosc)
                  0000fca4    00000024     simple_central_cc2640r2lp_stack_library.lib : osal_bufmgr.obj (.text:bm_desc_from_payload$22)
                  0000fcc8    00000024     cc2640_ll_xcxx.a : ll_access_address.o (.text)
                  0000fcec    00000024     cc26xx_att_xcxx.a : att_client.o (.text)
                  0000fd10    00000024                       : att_client.o (.text)
                  0000fd34    00000024                       : att_client.o (.text)
                  0000fd58    00000024     cc26xx_profiles_xcxx.a : gapgattserver.o (.text)
                  0000fd7c    00000024     RFCC26XX_singleMode.obj (.text:hwiFxnCpe0PowerFsm$5)
                  0000fda0    00000024     simple_central_cc2640r2lp_stack_library.lib : osal.obj (.text:osal_msg_allocate)
                  0000fdc4    00000024                                                 : osal.obj (.text:osal_service_entry)
                  0000fde8    00000024     rtsv7M3_T_le_eabi.lib : memcmp.obj (.text)
                  0000fe0c    00000024     app_ble_pem3.oem3 (.text:ti_sysbios_BIOS_registerRTSLock__I)
                  0000fe30    00000024     app_ble_pem3.oem3 (.text:ti_sysbios_BIOS_removeRTSLock__I)
                  0000fe54    00000024     rom_sysbios.aem3 : rom_sysbios.obj (.text:ti_sysbios_family_arm_cc26xx_Timer_getMaxTicks__E)
                  0000fe78    00000024                      : rom_sysbios.obj (.text:xdc_runtime_System_vprintf__E)
                  0000fe9c    00000022     icall.obj (.text:ICall_setTimerMSecs)
                  0000febe    00000022     drivers_cc26x0r2.aem3 : List.oem3 (.text:List_put)
                  0000fee0    00000022     driverlib.lib : uart.obj (.text:NOROM_UARTConfigSetExpClk)
                  0000ff02    00000022     cc26xx_profiles_xcxx.a : gattservapp.o (.text)
                  0000ff24    00000022     i2c_disp.obj (.text:ssd1306_writedata)
                  0000ff46    00000002     rom_sysbios.aem3 : rom_sysbios.obj (.text:xdc_runtime_SysCallback_defaultPutch)
                  0000ff48    00000020     simple_central_cc2640r2lp_stack_library.lib : hal_flash_wrapper.obj (.text:HalFlashGetAddress)
                  0000ff68    00000020     driverlib.lib : i2c.obj (.text:NOROM_I2CMasterErr)
                  0000ff88    00000020                   : uart.obj (.text:NOROM_UARTDisable)
                  0000ffa8    00000020     dpl_cc26x0r2.aem3 : PowerCC26XX_tirtos.oem3 (.text:PowerCC26XX_schedulerDisable)
                  0000ffc8    00000020                       : PowerCC26XX_tirtos.oem3 (.text:PowerCC26XX_schedulerRestore)
                  0000ffe8    00000020     drivers_cc26x0r2.aem3 : PowerCC26XX.oem3 (.text:Power_unregisterNotify)
                  00010008    00000020     cc2640_ll_xcxx.a : ll_isr.o (.text)
                  00010028    00000020     cc26xx_gap_xcxx.a : gap_centdevmgr.o (.text)
                  00010048    00000020     cc26xx_profiles_xcxx.a : gattservapp.o (.text)
                  00010068    00000020     cc26xx_sm_xcxx.a : sm_intpairing.o (.text)
                  00010088    00000020     simple_central_cc2640r2lp_stack_library.lib : gattservapp_util.obj (.text:gattServApp_FindCharCfgItem$30)
                  000100a8    00000020                                                 : osal_timers.obj (.text:osalFindTimer)
[...]
20001b64  PowerCC26XX_swiKey                                                        
20001b74  clientInfoTbl                                                             
20001b7c  ClockP_tickPeriod                                                         
20001b80  tasksEvents                                                               
20001b84  trngCC26XXObjects                                                         
20001b8c  hciTaskID                                                                 
20001b8d  hciGapTaskID                                                              
20001b8e  hciTestTaskID                                                             
20001b8f  hciL2capTaskID                                                            
20001b90  hciSmpTaskID                                                              
20001b91  driverlib_release_0_49664                                                 
20001b92  g_hwiInt                                                                  
20001b93  icall_liteTaskId                                                          
20001b94  heapStart                                                                 
20004000  __stack                                                                   
20004000  heapEnd                                                                   
20004400  __STACK_END                                                               
20004400  __STACK_TOP                                                               
200044f8  RAM_BASE_ADDR                                                             
20004504  ROM_FlashJT                                                               
20004508  gapParameters                                                             
20004558  gapPeripheralCBs                                                          
20004564  gapPeripheralConnCBs                                                      
20004568  rfMode                                                                    
20004584  smResponderCBs                                                            
2000459c  slaveConnHandle                                                           
2000459e  nextHandle                                                                
200045a0  l2capMtuSize                                                              
200045a2  gapAppTaskID                                                              
200045a3  gapAdvAppTaskID                                                           
200045a4  gapUnwantedTaskID                                                         
200045a5  reqTaskId                                                                 
200045a6  gattAppTaskID                                                             
200045a7  appTaskID                                                                 
200045a8  flowCtrlTaskId                                                            
200045a9  SM_appTaskID                                                              
200045ac  resolvingList                                                             
200046ec  scanDataEntry                                                             
200047cc  wlTable                                                                   
200048a8  wlTableScan                                                               
20004988  rfObject                                                                  
20004a20  advCmd                                                                    
20004a68  localEccKeys                                                              
20004aac  initDataEntry                                                             
20004ae4  advDataEntry                                                              
20004b1c  l2capFixedChannels                                                        
20004b4c  linkCBs                                                                   
20004b7c  eccParams                                                                 
20004bac  initParam                                                                 
20004bd0  scanParam                                                                 
20004bf4  advParam                                                                  
20004c14  cryptoPRAND                                                               
20004c34  txModemTestCmd                                                            
20004c50  gapParams                                                                 
20004c6c  initCmd                                                                   
20004c84  connReqData                                                               
20004c9c  scanCmd                                                                   
20004cb4  scanOutput                                                                
20004ccc  trxTestCmd                                                                
20004ce4  rxModemTestCmd                                                            
20004cfc  rsp                                                                       
20004d14  fwParDtmCmd                                                               
20004d2c  rfSetup                                                                   
20004d44  fwParRfCmd                                                                
20004d5c  connOutput                                                                
20004d70  rxTestParam                                                               
20004d84  initDataQueue                                                             
20004d94  scanDataQueue                                                             
20004da4  advDataQueue                                                              
20004db4  advOutput                                                                 
20004dc4  txTestParam                                                               
20004dd4  initOutput                                                                
20004de0  rxTestOut                                                                 
20004dec  deviceFeatureSet                                                          
20004df8  cachedTRNGdata                                                            
20004e04  gapCurrentRandomAddr                                                      
20004e0c  slaveUpdateReq                                                            
20004e14  pBleEvtMask                                                               
20004e1c  pHciEvtMask                                                               
20004e24  pHciEvtMask2                                                              
20004e2c  ownPublicAddr                                                             
20004e34  ownRandomAddr                                                             
20004e3c  ownSavedPublicAddr                                                        
20004e44  fwImmedCmd                                                                
20004e4c  attServerNotifyTxCB                                                       
20004e50  rfEvent                                                                   
20004e58  fwParCmd                                                                  
20004e60  verInfo                                                                   
20004e68  llConns                                                                   
20004e70  fwParamImmedCmd                                                           
20004e78  privInfo                                                                  
20004e80  linkCmd                                                                   
20004e84  linkParam                                                                 
20004e88  rxDataQ                                                                   
20004e8c  txDataQ                                                                   
20004e90  rxRingBuf                                                                 
20004e94  txTestOut                                                                 
20004e98  pGapDiscReq                                                               
20004e9c  pGapAdvertState                                                           
20004ea0  pEstLink                                                                  
20004ea4  pAuthLink                                                                 
20004ea8  pfnCentralConnCBs                                                         
20004eac  pfnPeripheralConnCBs                                                      
20004eb0  pGapAdvTokens                                                             
20004eb4  pGapAdData                                                                
20004eb8  pGapScanRspData                                                           
20004ebc  pfnPeripheralCBs                                                          
20004ec0  pfnCentralCBs                                                             
20004ec4  pfnBondMgrCBs                                                             
20004ec8  serverInfoTbl                                                             
20004ecc  pServiceList                                                              
20004ed0  pfnServerProcessMsgCB                                                     
20004ed4  pfnClientProcessMsgCB                                                     
20004ed8  prepareWritesTbl                                                          
20004edc  serviceCBsList                                                            
20004ee0  pAttrValue                                                                
20004ee4  l2capChannels                                                             
20004ee8  linkDB                                                                    
20004eec  rfHandle                                                                  
20004ef0  rfDrvTblPtr                                                               
20004ef4  eccDrvTblPtr                                                              
20004ef8  cryptoDrvTblPtr                                                           
20004efc  trngDrvTblPtr                                                             
20004f00  activeConns                                                               
20004f04  SysBootMsg                                                                
20004f08  sclkSrc                                                                   
20004f0c  buildInfo                                                                 
20004f10  advInfo                                                                   
20004f14  scanInfo                                                                  
20004f18  initInfo                                                                  
20004f1c  dtmInfo                                                                   
20004f20  taskEndAction                                                             
20004f24  encParams                                                                 
20004f28  encHandle                                                                 
20004f2c  encKey                                                                    
20004f30  pPairingParams                                                            
20004f34  pfnResponderCBs                                                           
20004f38  pfnInitiatorCBs                                                           
20004f3c  gapLimitedAdvertisingTimeout                                              
20004f3e  attrLen                                                                   
20004f40  numHostBufs                                                               
20004f42  rfCmdHandle                                                               
20004f44  connInitialMaxTxOctets                                                    
20004f46  connInitialMaxTxTime                                                      
20004f48  supportedMaxTxOctets                                                      
20004f4a  supportedMaxTxTime                                                        
20004f4c  supportedMaxRxOctets                                                      
20004f4e  supportedMaxRxTime                                                        
20004f50  taskEndStatus                                                             
20004f52  postRfOperations                                                          
20004f54  rfCfgAdiVal                                                               
20004f58  gapProfileRole                                                            
20004f59  gapDeviceAddrMode                                                         
20004f5a  gapState                                                                  
20004f5b  terminateAllTaskID                                                        
20004f5c  terminateReason                                                           
20004f5d  gapTaskID                                                                 
20004f5e  gattNumConns                                                              
20004f5f  gattTaskID                                                                
20004f60  GATTServApp_TaskID                                                        
20004f61  maxNumPrepareWrites                                                       
20004f62  hciPTMenabled                                                             
20004f63  ctrlToHostEnable                                                          
20004f64  l2capFlowCtrlMode                                                         
20004f65  l2capTaskID                                                               
20004f66  l2capNumChannels                                                          
20004f67  l2capNumDataPkts                                                          
20004f68  l2capId                                                                   
20004f69  linkDBNumConns                                                            
20004f6a  linkDB_secureConnectionOnlyMode                                           
20004f6b  maxPduSize                                                                
20004f6c  rfFeModeBias                                                              
20004f6d  maxNumTxDataBufs                                                          
20004f6e  LL_TaskID                                                                 
20004f6f  llState                                                                   
20004f70  rssiCorrection                                                            
20004f71  curTxPowerVal                                                             
20004f72  maxTxPwrForDTM                                                            
20004f73  onePktPerEvt                                                              
20004f74  numComplPkts                                                              
20004f75  numComplPktsLimit                                                         
20004f76  numComplPktsFlush                                                         
20004f77  fastTxRespTime                                                            
20004f78  slOverride                                                                
20004f79  rxFifoFlowCtrl                                                            
20004f7a  numTxDataBufs                                                             
20004f7b  maxNumConns                                                               
20004f7c  smTaskID                                                                  
20004f7d  SM_appExpectingKey                                                        
20004f80  ECC_DATA$$Base                                                            
20004f80  eccRom_param_Gx                                                           
20004f84  eccRom_param_Gy                                                           
20004f88  eccRom_workzone                                                           
20004f8c  eccRom_param_p                                                            
20004f90  eccRom_param_r                                                            
20004f94  eccRom_param_a                                                            
20004f98  eccRom_param_b                                                            
20004f9c  eccRom_windowSize                                                         
20004fa0  aux64                                                                     
20004fa8  MOD                                                                       
20004fac  LEN                                                                       
20004fb0  inScalar                                                                  
20004fb4  inPointX                                                                  
20004fb8  inPointY                                                                  
20004fbc  outPointX                                                                 
20004fc0  outPointY                                                                 
20004fc4  SCAL                                                                      
20004fc8  EXPX                                                                      
20004fcc  EXPY                                                                      
20004fd0  EXPZ                                                                      
20004fd4  EXPW                                                                      
20004fd8  ACCX                                                                      
20004fdc  ACCY                                                                      
20004fe0  ACCZ                                                                      
20004fe4  TMP1                                                                      
20004fe8  TMP2                                                                      
20004fec  TMP3                                                                      
20004ff0  TMP4                                                                      
20004ff4  TMP5                                                                      
20004ff8  TMP6                                                                      
20004ffc  MSBMOD                                                                    
20005000  ECC_DATA$$Limit                                                           
20005000  __UNUSED_SRAM_end__                                                       
e000e000  ti_sysbios_family_arm_m3_Hwi_nvic                                         
ffffffff  __TI_pprof_out_hndl                                                       
ffffffff  __TI_prof_data_size                                                       
ffffffff  __TI_prof_data_start                                                      
ffffffff  __binit__                                                                 
ffffffff  __c_args__                                                                
ffffffff  binit                                                                     
UNDEFED   SHT$$INIT_ARRAY$$Base                                                     
UNDEFED   SHT$$INIT_ARRAY$$Limit                                                    

[2380 symbols]
