******************************************************************************
                  TI ARM Linker PC v16.9.6                     
******************************************************************************
>> Linked Sun Feb 18 23:57:13 2018

OUTPUT FILE NAME:   <simple_central_cc2640r2lp_app.out>
ENTRY POINT SYMBOL: "ResetISR"  address: 0000d755


MEMORY CONFIGURATION

         name            origin    length      used     unused   attr    fill
----------------------  --------  ---------  --------  --------  ----  --------
  FLASH                 00000000   0001f000  00012fc2  0000c03e  R  X
  FLASH_LAST_PAGE       0001f000   00001000  00000058  00000fa8  R  X
  SRAM                  20000000   00004400  00001de2  0000261e  RW X


SEGMENT ALLOCATION MAP

run origin  load origin   length   init length attrs members
----------  ----------- ---------- ----------- ----- -------
00000000    00000000    00011fcc   00011fcc    r-x
  00000000    00000000    0000003c   0000003c    r-- .resetVecs
  0000003c    0000003c    00000fc4   00000fc4    r-x .text.1
  00001000    00001000    00000028   00000028    r-- .const:ti_sysbios_heaps_HeapMem_Module__FXNS__C
  00001028    00001028    00000024   00000024    r-- .const:ti_sysbios_gates_GateHwi_Module__FXNS__C
  0000104c    0000104c    00000024   00000024    r-- .const:ti_sysbios_gates_GateMutex_Module__FXNS__C
  00001070    00001070    00000020   00000020    r-- .const:ti_sysbios_family_arm_m3_Hwi_Object__DESC__C
  00001090    00001090    00000020   00000020    r-- .const:ti_sysbios_gates_GateHwi_Object__DESC__C
  000010b0    000010b0    00000020   00000020    r-- .const:ti_sysbios_gates_GateMutex_Object__DESC__C
  000010d0    000010d0    00000020   00000020    r-- .const:ti_sysbios_hal_Hwi_Object__DESC__C
  000010f0    000010f0    00000020   00000020    r-- .const:ti_sysbios_heaps_HeapMem_Object__DESC__C
  00001110    00001110    00000020   00000020    r-- .const:ti_sysbios_knl_Clock_Object__DESC__C
  00001130    00001130    00000020   00000020    r-- .const:ti_sysbios_knl_Event_Object__DESC__C
  00001150    00001150    00000020   00000020    r-- .const:ti_sysbios_knl_Mailbox_Object__DESC__C
  00001170    00001170    00000020   00000020    r-- .const:ti_sysbios_knl_Queue_Object__DESC__C
  00001190    00001190    00000020   00000020    r-- .const:ti_sysbios_knl_Semaphore_Object__DESC__C
  000011b0    000011b0    00000020   00000020    r-- .const:ti_sysbios_knl_Swi_Object__DESC__C
  000011d0    000011d0    00000020   00000020    r-- .const:ti_sysbios_knl_Task_Object__DESC__C
  000011f0    000011f0    00000008   00000008    r-- .const:ti_sysbios_knl_Idle_funcList__C
  000011f8    000011f8    00000004   00000004    r-- .const:ti_sysbios_family_arm_cc26xx_Timer_startupNeeded__C
  000011fc    000011fc    00000004   00000004    r-- .const:ti_sysbios_family_arm_m3_Hwi_E_alreadyDefined__C
  00001200    00001200    00000004   00000004    r-- .const:ti_sysbios_family_arm_m3_Hwi_E_hwiLimitExceeded__C
  00001204    00001204    00000004   00000004    r-- .const:ti_sysbios_family_arm_m3_Hwi_NUM_INTERRUPTS__C
  00001208    00001208    00000004   00000004    r-- .const:ti_sysbios_family_arm_m3_Hwi_Object__count__C
  0000120c    0000120c    00000004   00000004    r-- .const:ti_sysbios_family_arm_m3_Hwi_Object__table__C
  00001210    00001210    00000004   00000004    r-- .const:ti_sysbios_family_arm_m3_Hwi_ccr__C
  00001214    00001214    00000004   00000004    r-- .const:ti_sysbios_family_arm_m3_Hwi_excHandlerFunc__C
  00001218    00001218    00000004   00000004    r-- .const:ti_sysbios_family_arm_m3_Hwi_nullIsrFunc__C
  0000121c    0000121c    00000004   00000004    r-- .const:ti_sysbios_family_arm_m3_Hwi_numSparseInterrupts__C
  00001220    00001220    00000004   00000004    r-- .const:ti_sysbios_family_arm_m3_Hwi_priGroup__C
  00001224    00001224    00000004   00000004    r-- .const:ti_sysbios_family_arm_m3_TaskSupport_stackAlignment__C
  00001228    00001228    00000004   00000004    r-- .const:ti_sysbios_heaps_HeapMem_E_memory__C
  0000122c    0000122c    00000004   00000004    r-- .const:ti_sysbios_heaps_HeapMem_Module__gateObj__C
  00001230    00001230    00000004   00000004    r-- .const:ti_sysbios_heaps_HeapMem_Object__count__C
  00001234    00001234    00000004   00000004    r-- .const:ti_sysbios_heaps_HeapMem_Object__table__C
  00001238    00001238    00000004   00000004    r-- .const:ti_sysbios_heaps_HeapMem_reqAlign__C
  0000123c    0000123c    00000004   00000004    r-- .const:ti_sysbios_knl_Clock_triggerClock__C
  00001240    00001240    00000004   00000004    r-- .const:ti_sysbios_knl_Mailbox_Object__count__C
  00001244    00001244    00000004   00000004    r-- .const:ti_sysbios_knl_Mailbox_Object__table__C
  00001248    00001248    00000004   00000004    r-- .const:ti_sysbios_knl_Mailbox_maxTypeAlign__C
  0000124c    0000124c    00000004   00000004    r-- .const:ti_sysbios_knl_Queue_Object__count__C
  00001250    00001250    00000004   00000004    r-- .const:ti_sysbios_knl_Queue_Object__table__C
  00001254    00001254    00000004   00000004    r-- .const:ti_sysbios_knl_Semaphore_eventPost__C
  00001258    00001258    00000004   00000004    r-- .const:ti_sysbios_knl_Semaphore_eventSync__C
  0000125c    0000125c    00000004   00000004    r-- .const:ti_sysbios_knl_Swi_Object__count__C
  00001260    00001260    00000004   00000004    r-- .const:ti_sysbios_knl_Swi_Object__table__C
  00001264    00001264    00000004   00000004    r-- .const:ti_sysbios_knl_Swi_numPriorities__C
  00001268    00001268    00000004   00000004    r-- .const:ti_sysbios_knl_Task_Object__count__C
  0000126c    0000126c    00000004   00000004    r-- .const:ti_sysbios_knl_Task_Object__table__C
  00001270    00001270    00000004   00000004    r-- .const:ti_sysbios_knl_Task_allBlockedFunc__C
  00001274    00001274    00000004   00000004    r-- .const:ti_sysbios_knl_Task_defaultStackHeap__C
  00001278    00001278    00000004   00000004    r-- .const:ti_sysbios_knl_Task_defaultStackSize__C
  0000127c    0000127c    00000004   00000004    r-- .const:ti_sysbios_knl_Task_numConstructedTasks__C
  00001280    00001280    00000002   00000002    r-- .const:ti_sysbios_family_arm_cc26xx_Timer_Module__id__C
  00001282    00001282    00000002   00000002    r-- .const:ti_sysbios_family_arm_cc26xx_TimestampProvider_useClockTimer__C
  00001284    00001284    00000002   00000002    r-- .const:ti_sysbios_family_arm_m3_Hwi_Module__id__C
  00001286    00001286    00000002   00000002    r-- .const:ti_sysbios_gates_GateHwi_Module__id__C
  00001288    00001288    00000002   00000002    r-- .const:ti_sysbios_gates_GateMutex_Module__id__C
  0000128a    0000128a    00000002   00000002    r-- .const:ti_sysbios_heaps_HeapMem_Module__id__C
  0000128c    0000128c    00000002   00000002    r-- .const:ti_sysbios_knl_Task_initStackFlag__C
  0000128e    0000128e    00000001   00000001    r-- .const:ti_sysbios_knl_Clock_tickMode__C
  00001290    00001290    00000008   00000008    r-- .const:xdc_runtime_Startup_firstFxns__C
  00001298    00001298    00000008   00000008    r-- .const:xdc_runtime_Startup_lastFxns__C
  000012a0    000012a0    00000004   00000004    r-- .const:xdc_runtime_Assert_E_assertFailed__C
  000012a4    000012a4    00000004   00000004    r-- .const:xdc_runtime_Error_E_memory__C
  000012a8    000012a8    00000004   00000004    r-- .const:xdc_runtime_Error_policyFxn__C
  000012ac    000012ac    00000004   00000004    r-- .const:xdc_runtime_Error_raiseHook__C
  000012b0    000012b0    00000004   00000004    r-- .const:xdc_runtime_IGateProvider_Interface__BASE__C
  000012b4    000012b4    00000004   00000004    r-- .const:xdc_runtime_IHeap_Interface__BASE__C
  000012b8    000012b8    00000004   00000004    r-- .const:xdc_runtime_IModule_Interface__BASE__C
  000012bc    000012bc    00000004   00000004    r-- .const:xdc_runtime_Memory_defaultHeapInstance__C
  000012c0    000012c0    00000004   00000004    r-- .const:xdc_runtime_Startup_execImpl__C
  000012c4    000012c4    00000004   00000004    r-- .const:xdc_runtime_Startup_maxPasses__C
  000012c8    000012c8    00000004   00000004    r-- .const:xdc_runtime_Startup_sfxnRts__C
  000012cc    000012cc    00000004   00000004    r-- .const:xdc_runtime_Startup_sfxnTab__C
  000012d0    000012d0    00000004   00000004    r-- .const:xdc_runtime_Startup_startModsFxn__C
  000012d4    000012d4    00000004   00000004    r-- .const:xdc_runtime_SysCallback_abortFxn__C
  000012d8    000012d8    00000004   00000004    r-- .const:xdc_runtime_SysCallback_exitFxn__C
  000012dc    000012dc    00000004   00000004    r-- .const:xdc_runtime_System_abortFxn__C
  000012e0    000012e0    00000004   00000004    r-- .const:xdc_runtime_System_exitFxn__C
  000012e4    000012e4    00000004   00000004    r-- .const:xdc_runtime_System_maxAtexitHandlers__C
  000012e8    000012e8    00000004   00000004    r-- .const:xdc_runtime_Text_charTab__C
  000012ec    000012ec    00000004   00000004    r-- .const:xdc_runtime_Text_nameEmpty__C
  000012f0    000012f0    00000004   00000004    r-- .const:xdc_runtime_Text_nameStatic__C
  000012f4    000012f4    00000004   00000004    r-- .const:xdc_runtime_Text_nameUnknown__C
  000012f8    000012f8    00000002   00000002    r-- .const:xdc_runtime_Error_maxDepth__C
  000012fa    000012fa    00000002   00000002    r-- .const:xdc_runtime_Memory_Module__id__C
  000012fc    000012fc    00000002   00000002    r-- .const:xdc_runtime_Text_charCnt__C
  000012fe    000012fe    00000002   00000002    r-- .const:xdc_runtime_Text_isLoaded__C
  00001300    00001300    00000001   00000001    r-- .const:xdc_runtime_Error_policy__C
  00001304    00001304    00000004   00000004    r-- .const:ti_sysbios_rom_ROM_ti_sysbios_family_arm_cc26xx_Timer_getCount64__E
  00001308    00001308    00000004   00000004    r-- .const:ti_sysbios_rom_ROM_ti_sysbios_family_arm_cc26xx_Timer_getCurrentTick__E
  0000130c    0000130c    00000004   00000004    r-- .const:ti_sysbios_rom_ROM_ti_sysbios_family_arm_cc26xx_Timer_getMaxTicks__E
  00001310    00001310    00000004   00000004    r-- .const:ti_sysbios_rom_ROM_ti_sysbios_family_arm_cc26xx_Timer_initDevice__I
  00001314    00001314    00000004   00000004    r-- .const:ti_sysbios_rom_ROM_ti_sysbios_family_arm_cc26xx_Timer_setNextTick__E
  00001318    00001318    00000004   00000004    r-- .const:ti_sysbios_rom_ROM_ti_sysbios_family_arm_cc26xx_Timer_setThreshold__I
  0000131c    0000131c    00000004   00000004    r-- .const:ti_sysbios_rom_ROM_ti_sysbios_family_arm_cc26xx_Timer_start__E
  00001320    00001320    00000004   00000004    r-- .const:ti_sysbios_rom_ROM_ti_sysbios_family_arm_cc26xx_TimestampProvider_get32__E
  00001324    00001324    00000004   00000004    r-- .const:ti_sysbios_rom_ROM_xdc_runtime_Startup_getState__I
  00001328    00001328    00000004   00000004    r-- .const:ti_sysbios_rom_ROM_xdc_runtime_System_SupportProxy_abort__E
  0000132c    0000132c    00000004   00000004    r-- .const:ti_sysbios_rom_ROM_xdc_runtime_System_SupportProxy_exit__E
  00001330    00001330    0000f9a0   0000f9a0    r-x .text.2
  00010cd0    00010cd0    00000ef4   00000ef4    r-- .const
  00011bc4    00011bc4    000000a6   000000a6    r-- .rodata
  00011c70    00011c70    0000035c   0000035c    r-- .cinit
0001e000    0001e000    00001000   00001000    r--
  0001e000    0001e000    00001000   00001000    r-- .snvSectors
0001ffa8    0001ffa8    00000058   00000058    r--
  0001ffa8    0001ffa8    00000058   00000058    r-- .ccfg
20000100    20000100    0000191c   00000000    rw-
  20000100    20000100    00000044   00000000    rw- .data:ti_sysbios_knl_Task_Module__state__V
  20000144    20000144    00000034   00000000    rw- .data:ti_sysbios_family_arm_m3_Hwi_Module__state__V
  20000178    20000178    0000002c   00000000    rw- .data:ti_sysbios_knl_Clock_Module__state__V
  200001a4    200001a4    00000024   00000000    rw- .data:ti_sysbios_BIOS_Module__state__V
  200001c8    200001c8    0000001c   00000000    rw- .data:ti_sysbios_knl_Swi_Module__state__V
  200001e4    200001e4    00000008   00000000    rw- .data:ti_sysbios_family_arm_cc26xx_Timer_Module__state__V
  200001ec    200001ec    00000004   00000000    rw- .data:ti_sysbios_family_arm_cc26xx_TimestampProvider_Module__state__V
  200001f0    200001f0    00000008   00000000    rw- .data:xdc_runtime_Startup_Module__state__V
  200001f8    200001f8    00000008   00000000    rw- .data:xdc_runtime_System_Module__state__V
  20000200    20000200    00000004   00000000    rw- .data:xdc_runtime_Memory_Module__state__V
  20000204    20000204    00000002   00000000    rw- .data:xdc_runtime_Error_Module__state__V
  20000208    20000208    00000f91   00000000    rw- .data
  200011a0    200011a0    0000087c   00000000    rw- .bss
20004000    20004000    00000400   00000000    rw-
  20004000    20004000    00000400   00000000    rw- .stack


SECTION ALLOCATION MAP

 output                                  attributes/
section   page    origin      length       input sections
--------  ----  ----------  ----------   ----------------
.resetVecs 
*          0    00000000    0000003c     
                  00000000    0000003c     app_ble_pem3.oem3 (.resetVecs)

.text.1    0    0000003c    00000fc4     
                  0000003c    000005c8     cc2640_ll_xcxx.a : ll.o (.text)
                  00000604    00000008     ble_r2.symbols (.tramp.LL_ENC_GenerateTrueRandNum.1)
                  0000060c    00000008     ble_r2.symbols (.tramp.LL_PRIV_GenerateRSA.1)
                  00000614    00000008     ble_r2.symbols (.tramp.LL_ENC_Init.1)
                  0000061c    00000570     simple_central.obj (.text:SimpleBLECentral_handleKeys$1)
                  00000b8c    00000008     ble_r2.symbols (.tramp.GATT_bm_alloc.1)
                  00000b94    00000008     ble_r2.symbols (.tramp.GATT_bm_free.1)
                  00000b9c    00000398     cc2640_ll_xcxx.a : ll_scheduler.o (.text)
                  00000f34    00000008     ble_r2.symbols (.tramp.llProcessPostRfOps.1)
                  00000f3c    00000008     ble_r2.symbols (.tramp.llGetCurrentTime.1)
                  00000f44    00000008     ble_r2.symbols (.tramp.llSetupConn.1)
                  00000f4c    00000008     ble_r2.symbols (.tramp.llTimeCompare.1)
                  00000f54    000000ac     display.aem3 : DisplayUart.oem3 (.text:DisplayUartAnsi_clearLines)

.const:ti_sysbios_heaps_HeapMem_Module__FXNS__C 
*          0    00001000    00000028     
                  00001000    00000028     app_ble_pem3.oem3 (.const:ti_sysbios_heaps_HeapMem_Module__FXNS__C)

.const:ti_sysbios_gates_GateHwi_Module__FXNS__C 
*          0    00001028    00000024     
                  00001028    00000024     app_ble_pem3.oem3 (.const:ti_sysbios_gates_GateHwi_Module__FXNS__C)

.const:ti_sysbios_gates_GateMutex_Module__FXNS__C 
*          0    0000104c    00000024     
                  0000104c    00000024     app_ble_pem3.oem3 (.const:ti_sysbios_gates_GateMutex_Module__FXNS__C)

.const:ti_sysbios_family_arm_m3_Hwi_Object__DESC__C 
*          0    00001070    00000020     
                  00001070    00000020     app_ble_pem3.oem3 (.const:ti_sysbios_family_arm_m3_Hwi_Object__DESC__C)

.const:ti_sysbios_gates_GateHwi_Object__DESC__C 
*          0    00001090    00000020     
                  00001090    00000020     app_ble_pem3.oem3 (.const:ti_sysbios_gates_GateHwi_Object__DESC__C)

.const:ti_sysbios_gates_GateMutex_Object__DESC__C 
*          0    000010b0    00000020     
                  000010b0    00000020     app_ble_pem3.oem3 (.const:ti_sysbios_gates_GateMutex_Object__DESC__C)

.const:ti_sysbios_hal_Hwi_Object__DESC__C 
*          0    000010d0    00000020     
                  000010d0    00000020     app_ble_pem3.oem3 (.const:ti_sysbios_hal_Hwi_Object__DESC__C)

.const:ti_sysbios_heaps_HeapMem_Object__DESC__C 
*          0    000010f0    00000020     
                  000010f0    00000020     app_ble_pem3.oem3 (.const:ti_sysbios_heaps_HeapMem_Object__DESC__C)

.const:ti_sysbios_knl_Clock_Object__DESC__C 
*          0    00001110    00000020     
                  00001110    00000020     app_ble_pem3.oem3 (.const:ti_sysbios_knl_Clock_Object__DESC__C)

.const:ti_sysbios_knl_Event_Object__DESC__C 
*          0    00001130    00000020     
                  00001130    00000020     app_ble_pem3.oem3 (.const:ti_sysbios_knl_Event_Object__DESC__C)

.const:ti_sysbios_knl_Mailbox_Object__DESC__C 
*          0    00001150    00000020     
                  00001150    00000020     app_ble_pem3.oem3 (.const:ti_sysbios_knl_Mailbox_Object__DESC__C)

.const:ti_sysbios_knl_Queue_Object__DESC__C 
*          0    00001170    00000020     
                  00001170    00000020     app_ble_pem3.oem3 (.const:ti_sysbios_knl_Queue_Object__DESC__C)

.const:ti_sysbios_knl_Semaphore_Object__DESC__C 
*          0    00001190    00000020     
                  00001190    00000020     app_ble_pem3.oem3 (.const:ti_sysbios_knl_Semaphore_Object__DESC__C)

.const:ti_sysbios_knl_Swi_Object__DESC__C 
*          0    000011b0    00000020     
                  000011b0    00000020     app_ble_pem3.oem3 (.const:ti_sysbios_knl_Swi_Object__DESC__C)

.const:ti_sysbios_knl_Task_Object__DESC__C 
*          0    000011d0    00000020     
                  000011d0    00000020     app_ble_pem3.oem3 (.const:ti_sysbios_knl_Task_Object__DESC__C)

.const:ti_sysbios_knl_Idle_funcList__C 
*          0    000011f0    00000008     
                  000011f0    00000008     app_ble_pem3.oem3 (.const:ti_sysbios_knl_Idle_funcList__C)

.const:ti_sysbios_family_arm_cc26xx_Timer_startupNeeded__C 
*          0    000011f8    00000004     
                  000011f8    00000004     app_ble_pem3.oem3 (.const:ti_sysbios_family_arm_cc26xx_Timer_startupNeeded__C)

.const:ti_sysbios_family_arm_m3_Hwi_E_alreadyDefined__C 
*          0    000011fc    00000004     
                  000011fc    00000004     app_ble_pem3.oem3 (.const:ti_sysbios_family_arm_m3_Hwi_E_alreadyDefined__C)

.const:ti_sysbios_family_arm_m3_Hwi_E_hwiLimitExceeded__C 
*          0    00001200    00000004     
                  00001200    00000004     app_ble_pem3.oem3 (.const:ti_sysbios_family_arm_m3_Hwi_E_hwiLimitExceeded__C)

.const:ti_sysbios_family_arm_m3_Hwi_NUM_INTERRUPTS__C 
*          0    00001204    00000004     
                  00001204    00000004     app_ble_pem3.oem3 (.const:ti_sysbios_family_arm_m3_Hwi_NUM_INTERRUPTS__C)

.const:ti_sysbios_family_arm_m3_Hwi_Object__count__C 
*          0    00001208    00000004     
                  00001208    00000004     app_ble_pem3.oem3 (.const:ti_sysbios_family_arm_m3_Hwi_Object__count__C)

.const:ti_sysbios_family_arm_m3_Hwi_Object__table__C 
*          0    0000120c    00000004     
                  0000120c    00000004     app_ble_pem3.oem3 (.const:ti_sysbios_family_arm_m3_Hwi_Object__table__C)

.const:ti_sysbios_family_arm_m3_Hwi_ccr__C 
*          0    00001210    00000004     
                  00001210    00000004     app_ble_pem3.oem3 (.const:ti_sysbios_family_arm_m3_Hwi_ccr__C)

.const:ti_sysbios_family_arm_m3_Hwi_excHandlerFunc__C 
*          0    00001214    00000004     
                  00001214    00000004     app_ble_pem3.oem3 (.const:ti_sysbios_family_arm_m3_Hwi_excHandlerFunc__C)

.const:ti_sysbios_family_arm_m3_Hwi_nullIsrFunc__C 
*          0    00001218    00000004     
                  00001218    00000004     app_ble_pem3.oem3 (.const:ti_sysbios_family_arm_m3_Hwi_nullIsrFunc__C)

.const:ti_sysbios_family_arm_m3_Hwi_numSparseInterrupts__C 
*          0    0000121c    00000004     
                  0000121c    00000004     app_ble_pem3.oem3 (.const:ti_sysbios_family_arm_m3_Hwi_numSparseInterrupts__C)

.const:ti_sysbios_family_arm_m3_Hwi_priGroup__C 
*          0    00001220    00000004     
                  00001220    00000004     app_ble_pem3.oem3 (.const:ti_sysbios_family_arm_m3_Hwi_priGroup__C)

.const:ti_sysbios_family_arm_m3_TaskSupport_stackAlignment__C 
*          0    00001224    00000004     
                  00001224    00000004     app_ble_pem3.oem3 (.const:ti_sysbios_family_arm_m3_TaskSupport_stackAlignment__C)

.const:ti_sysbios_heaps_HeapMem_E_memory__C 
*          0    00001228    00000004     
                  00001228    00000004     app_ble_pem3.oem3 (.const:ti_sysbios_heaps_HeapMem_E_memory__C)

.const:ti_sysbios_heaps_HeapMem_Module__gateObj__C 
*          0    0000122c    00000004     
                  0000122c    00000004     app_ble_pem3.oem3 (.const:ti_sysbios_heaps_HeapMem_Module__gateObj__C)

.const:ti_sysbios_heaps_HeapMem_Object__count__C 
*          0    00001230    00000004     
                  00001230    00000004     app_ble_pem3.oem3 (.const:ti_sysbios_heaps_HeapMem_Object__count__C)

.const:ti_sysbios_heaps_HeapMem_Object__table__C 
*          0    00001234    00000004     
                  00001234    00000004     app_ble_pem3.oem3 (.const:ti_sysbios_heaps_HeapMem_Object__table__C)

.const:ti_sysbios_heaps_HeapMem_reqAlign__C 
*          0    00001238    00000004     
                  00001238    00000004     app_ble_pem3.oem3 (.const:ti_sysbios_heaps_HeapMem_reqAlign__C)

.const:ti_sysbios_knl_Clock_triggerClock__C 
*          0    0000123c    00000004     
                  0000123c    00000004     app_ble_pem3.oem3 (.const:ti_sysbios_knl_Clock_triggerClock__C)

.const:ti_sysbios_knl_Mailbox_Object__count__C 
*          0    00001240    00000004     
                  00001240    00000004     app_ble_pem3.oem3 (.const:ti_sysbios_knl_Mailbox_Object__count__C)

.const:ti_sysbios_knl_Mailbox_Object__table__C 
*          0    00001244    00000004     
                  00001244    00000004     app_ble_pem3.oem3 (.const:ti_sysbios_knl_Mailbox_Object__table__C)

.const:ti_sysbios_knl_Mailbox_maxTypeAlign__C 
*          0    00001248    00000004     
                  00001248    00000004     app_ble_pem3.oem3 (.const:ti_sysbios_knl_Mailbox_maxTypeAlign__C)

.const:ti_sysbios_knl_Queue_Object__count__C 
*          0    0000124c    00000004     
                  0000124c    00000004     app_ble_pem3.oem3 (.const:ti_sysbios_knl_Queue_Object__count__C)

.const:ti_sysbios_knl_Queue_Object__table__C 
*          0    00001250    00000004     
                  00001250    00000004     app_ble_pem3.oem3 (.const:ti_sysbios_knl_Queue_Object__table__C)

.const:ti_sysbios_knl_Semaphore_eventPost__C 
*          0    00001254    00000004     
                  00001254    00000004     app_ble_pem3.oem3 (.const:ti_sysbios_knl_Semaphore_eventPost__C)

.const:ti_sysbios_knl_Semaphore_eventSync__C 
*          0    00001258    00000004     
                  00001258    00000004     app_ble_pem3.oem3 (.const:ti_sysbios_knl_Semaphore_eventSync__C)

.const:ti_sysbios_knl_Swi_Object__count__C 
*          0    0000125c    00000004     
                  0000125c    00000004     app_ble_pem3.oem3 (.const:ti_sysbios_knl_Swi_Object__count__C)

.const:ti_sysbios_knl_Swi_Object__table__C 
*          0    00001260    00000004     
                  00001260    00000004     app_ble_pem3.oem3 (.const:ti_sysbios_knl_Swi_Object__table__C)

.const:ti_sysbios_knl_Swi_numPriorities__C 
*          0    00001264    00000004     
                  00001264    00000004     app_ble_pem3.oem3 (.const:ti_sysbios_knl_Swi_numPriorities__C)

.const:ti_sysbios_knl_Task_Object__count__C 
*          0    00001268    00000004     
                  00001268    00000004     app_ble_pem3.oem3 (.const:ti_sysbios_knl_Task_Object__count__C)

.const:ti_sysbios_knl_Task_Object__table__C 
*          0    0000126c    00000004     
                  0000126c    00000004     app_ble_pem3.oem3 (.const:ti_sysbios_knl_Task_Object__table__C)

.const:ti_sysbios_knl_Task_allBlockedFunc__C 
*          0    00001270    00000004     
                  00001270    00000004     app_ble_pem3.oem3 (.const:ti_sysbios_knl_Task_allBlockedFunc__C)

.const:ti_sysbios_knl_Task_defaultStackHeap__C 
*          0    00001274    00000004     
                  00001274    00000004     app_ble_pem3.oem3 (.const:ti_sysbios_knl_Task_defaultStackHeap__C)

.const:ti_sysbios_knl_Task_defaultStackSize__C 
*          0    00001278    00000004     
                  00001278    00000004     app_ble_pem3.oem3 (.const:ti_sysbios_knl_Task_defaultStackSize__C)

.const:ti_sysbios_knl_Task_numConstructedTasks__C 
*          0    0000127c    00000004     
                  0000127c    00000004     app_ble_pem3.oem3 (.const:ti_sysbios_knl_Task_numConstructedTasks__C)

.const:ti_sysbios_family_arm_cc26xx_Timer_Module__id__C 
*          0    00001280    00000002     
                  00001280    00000002     app_ble_pem3.oem3 (.const:ti_sysbios_family_arm_cc26xx_Timer_Module__id__C)

.const:ti_sysbios_family_arm_cc26xx_TimestampProvider_useClockTimer__C 
*          0    00001282    00000002     
                  00001282    00000002     app_ble_pem3.oem3 (.const:ti_sysbios_family_arm_cc26xx_TimestampProvider_useClockTimer__C)

.const:ti_sysbios_family_arm_m3_Hwi_Module__id__C 
*          0    00001284    00000002     
                  00001284    00000002     app_ble_pem3.oem3 (.const:ti_sysbios_family_arm_m3_Hwi_Module__id__C)

.const:ti_sysbios_gates_GateHwi_Module__id__C 
*          0    00001286    00000002     
                  00001286    00000002     app_ble_pem3.oem3 (.const:ti_sysbios_gates_GateHwi_Module__id__C)

.const:ti_sysbios_gates_GateMutex_Module__id__C 
*          0    00001288    00000002     
                  00001288    00000002     app_ble_pem3.oem3 (.const:ti_sysbios_gates_GateMutex_Module__id__C)

.const:ti_sysbios_heaps_HeapMem_Module__id__C 
*          0    0000128a    00000002     
                  0000128a    00000002     app_ble_pem3.oem3 (.const:ti_sysbios_heaps_HeapMem_Module__id__C)

.const:ti_sysbios_knl_Task_initStackFlag__C 
*          0    0000128c    00000002     
                  0000128c    00000002     app_ble_pem3.oem3 (.const:ti_sysbios_knl_Task_initStackFlag__C)

.const:ti_sysbios_knl_Clock_tickMode__C 
*          0    0000128e    00000001     
                  0000128e    00000001     app_ble_pem3.oem3 (.const:ti_sysbios_knl_Clock_tickMode__C)

.const:xdc_runtime_Startup_firstFxns__C 
*          0    00001290    00000008     
                  00001290    00000008     app_ble_pem3.oem3 (.const:xdc_runtime_Startup_firstFxns__C)

.const:xdc_runtime_Startup_lastFxns__C 
*          0    00001298    00000008     
                  00001298    00000008     app_ble_pem3.oem3 (.const:xdc_runtime_Startup_lastFxns__C)

.const:xdc_runtime_Assert_E_assertFailed__C 
*          0    000012a0    00000004     
                  000012a0    00000004     app_ble_pem3.oem3 (.const:xdc_runtime_Assert_E_assertFailed__C)

.const:xdc_runtime_Error_E_memory__C 
*          0    000012a4    00000004     
                  000012a4    00000004     app_ble_pem3.oem3 (.const:xdc_runtime_Error_E_memory__C)

.const:xdc_runtime_Error_policyFxn__C 
*          0    000012a8    00000004     
                  000012a8    00000004     app_ble_pem3.oem3 (.const:xdc_runtime_Error_policyFxn__C)

.const:xdc_runtime_Error_raiseHook__C 
*          0    000012ac    00000004     
                  000012ac    00000004     app_ble_pem3.oem3 (.const:xdc_runtime_Error_raiseHook__C)

.const:xdc_runtime_IGateProvider_Interface__BASE__C 
*          0    000012b0    00000004     
                  000012b0    00000004     app_ble_pem3.oem3 (.const:xdc_runtime_IGateProvider_Interface__BASE__C)

.const:xdc_runtime_IHeap_Interface__BASE__C 
*          0    000012b4    00000004     
                  000012b4    00000004     app_ble_pem3.oem3 (.const:xdc_runtime_IHeap_Interface__BASE__C)

.const:xdc_runtime_IModule_Interface__BASE__C 
*          0    000012b8    00000004     
                  000012b8    00000004     app_ble_pem3.oem3 (.const:xdc_runtime_IModule_Interface__BASE__C)

.const:xdc_runtime_Memory_defaultHeapInstance__C 
*          0    000012bc    00000004     
                  000012bc    00000004     app_ble_pem3.oem3 (.const:xdc_runtime_Memory_defaultHeapInstance__C)

.const:xdc_runtime_Startup_execImpl__C 
*          0    000012c0    00000004     
                  000012c0    00000004     app_ble_pem3.oem3 (.const:xdc_runtime_Startup_execImpl__C)

.const:xdc_runtime_Startup_maxPasses__C 
*          0    000012c4    00000004     
                  000012c4    00000004     app_ble_pem3.oem3 (.const:xdc_runtime_Startup_maxPasses__C)

.const:xdc_runtime_Startup_sfxnRts__C 
*          0    000012c8    00000004     
                  000012c8    00000004     app_ble_pem3.oem3 (.const:xdc_runtime_Startup_sfxnRts__C)

.const:xdc_runtime_Startup_sfxnTab__C 
*          0    000012cc    00000004     
                  000012cc    00000004     app_ble_pem3.oem3 (.const:xdc_runtime_Startup_sfxnTab__C)

.const:xdc_runtime_Startup_startModsFxn__C 
*          0    000012d0    00000004     
                  000012d0    00000004     app_ble_pem3.oem3 (.const:xdc_runtime_Startup_startModsFxn__C)

.const:xdc_runtime_SysCallback_abortFxn__C 
*          0    000012d4    00000004     
                  000012d4    00000004     app_ble_pem3.oem3 (.const:xdc_runtime_SysCallback_abortFxn__C)

.const:xdc_runtime_SysCallback_exitFxn__C 
*          0    000012d8    00000004     
                  000012d8    00000004     app_ble_pem3.oem3 (.const:xdc_runtime_SysCallback_exitFxn__C)

.const:xdc_runtime_System_abortFxn__C 
*          0    000012dc    00000004     
                  000012dc    00000004     app_ble_pem3.oem3 (.const:xdc_runtime_System_abortFxn__C)

.const:xdc_runtime_System_exitFxn__C 
*          0    000012e0    00000004     
                  000012e0    00000004     app_ble_pem3.oem3 (.const:xdc_runtime_System_exitFxn__C)

.const:xdc_runtime_System_maxAtexitHandlers__C 
*          0    000012e4    00000004     
                  000012e4    00000004     app_ble_pem3.oem3 (.const:xdc_runtime_System_maxAtexitHandlers__C)

.const:xdc_runtime_Text_charTab__C 
*          0    000012e8    00000004     
                  000012e8    00000004     app_ble_pem3.oem3 (.const:xdc_runtime_Text_charTab__C)

.const:xdc_runtime_Text_nameEmpty__C 
*          0    000012ec    00000004     
                  000012ec    00000004     app_ble_pem3.oem3 (.const:xdc_runtime_Text_nameEmpty__C)

.const:xdc_runtime_Text_nameStatic__C 
*          0    000012f0    00000004     
                  000012f0    00000004     app_ble_pem3.oem3 (.const:xdc_runtime_Text_nameStatic__C)

.const:xdc_runtime_Text_nameUnknown__C 
*          0    000012f4    00000004     
                  000012f4    00000004     app_ble_pem3.oem3 (.const:xdc_runtime_Text_nameUnknown__C)

.const:xdc_runtime_Error_maxDepth__C 
*          0    000012f8    00000002     
                  000012f8    00000002     app_ble_pem3.oem3 (.const:xdc_runtime_Error_maxDepth__C)

.const:xdc_runtime_Memory_Module__id__C 
*          0    000012fa    00000002     
                  000012fa    00000002     app_ble_pem3.oem3 (.const:xdc_runtime_Memory_Module__id__C)

.const:xdc_runtime_Text_charCnt__C 
*          0    000012fc    00000002     
                  000012fc    00000002     app_ble_pem3.oem3 (.const:xdc_runtime_Text_charCnt__C)

.const:xdc_runtime_Text_isLoaded__C 
*          0    000012fe    00000002     
                  000012fe    00000002     app_ble_pem3.oem3 (.const:xdc_runtime_Text_isLoaded__C)

.const:xdc_runtime_Error_policy__C 
*          0    00001300    00000001     
                  00001300    00000001     app_ble_pem3.oem3 (.const:xdc_runtime_Error_policy__C)

.const:ti_sysbios_rom_ROM_ti_sysbios_family_arm_cc26xx_Timer_getCount64__E 
*          0    00001304    00000004     
                  00001304    00000004     app_ble_pem3.oem3 (.const:ti_sysbios_rom_ROM_ti_sysbios_family_arm_cc26xx_Timer_getCount64__E)

.const:ti_sysbios_rom_ROM_ti_sysbios_family_arm_cc26xx_Timer_getCurrentTick__E 
*          0    00001308    00000004     
                  00001308    00000004     app_ble_pem3.oem3 (.const:ti_sysbios_rom_ROM_ti_sysbios_family_arm_cc26xx_Timer_getCurrentTick__E)

.const:ti_sysbios_rom_ROM_ti_sysbios_family_arm_cc26xx_Timer_getMaxTicks__E 
*          0    0000130c    00000004     
                  0000130c    00000004     app_ble_pem3.oem3 (.const:ti_sysbios_rom_ROM_ti_sysbios_family_arm_cc26xx_Timer_getMaxTicks__E)

.const:ti_sysbios_rom_ROM_ti_sysbios_family_arm_cc26xx_Timer_initDevice__I 
*          0    00001310    00000004     
                  00001310    00000004     app_ble_pem3.oem3 (.const:ti_sysbios_rom_ROM_ti_sysbios_family_arm_cc26xx_Timer_initDevice__I)

.const:ti_sysbios_rom_ROM_ti_sysbios_family_arm_cc26xx_Timer_setNextTick__E 
*          0    00001314    00000004     
                  00001314    00000004     app_ble_pem3.oem3 (.const:ti_sysbios_rom_ROM_ti_sysbios_family_arm_cc26xx_Timer_setNextTick__E)

.const:ti_sysbios_rom_ROM_ti_sysbios_family_arm_cc26xx_Timer_setThreshold__I 
*          0    00001318    00000004     
                  00001318    00000004     app_ble_pem3.oem3 (.const:ti_sysbios_rom_ROM_ti_sysbios_family_arm_cc26xx_Timer_setThreshold__I)

.const:ti_sysbios_rom_ROM_ti_sysbios_family_arm_cc26xx_Timer_start__E 
*          0    0000131c    00000004     
                  0000131c    00000004     app_ble_pem3.oem3 (.const:ti_sysbios_rom_ROM_ti_sysbios_family_arm_cc26xx_Timer_start__E)

.const:ti_sysbios_rom_ROM_ti_sysbios_family_arm_cc26xx_TimestampProvider_get32__E 
*          0    00001320    00000004     
                  00001320    00000004     app_ble_pem3.oem3 (.const:ti_sysbios_rom_ROM_ti_sysbios_family_arm_cc26xx_TimestampProvider_get32__E)

.const:ti_sysbios_rom_ROM_xdc_runtime_Startup_getState__I 
*          0    00001324    00000004     
                  00001324    00000004     app_ble_pem3.oem3 (.const:ti_sysbios_rom_ROM_xdc_runtime_Startup_getState__I)

.const:ti_sysbios_rom_ROM_xdc_runtime_System_SupportProxy_abort__E 
*          0    00001328    00000004     
                  00001328    00000004     app_ble_pem3.oem3 (.const:ti_sysbios_rom_ROM_xdc_runtime_System_SupportProxy_abort__E)

.const:ti_sysbios_rom_ROM_xdc_runtime_System_SupportProxy_exit__E 
*          0    0000132c    00000004     
                  0000132c    00000004     app_ble_pem3.oem3 (.const:ti_sysbios_rom_ROM_xdc_runtime_System_SupportProxy_exit__E)

.text.2    0    00001330    0000f9a0     
                  00001330    00000544     cc2640_ll_xcxx.a : ble.o (.text)
                  00001874    0000048c                      : ll_master_end_causes.o (.text)
                  00001d00    00000450     simple_central.obj (.text:SimpleBLECentral_taskFxn$1)
                  00002150    00000375     simple_central.obj (.text:SimpleBLECentral_processStackMsg$1)
                  000024c5    00000001     --HOLE-- [fill = 0]
                  000024c6    00000002     ble_user_config.obj (.text:DefaultAssertCback)
                  000024c8    00000340     simple_central_cc2640r2lp_stack_library.lib : gapbondmgr.obj (.text:GAPBondMgr_ProcessEvent)
                  00002808    00000340     cc2640_ll_xcxx.a : ll_init_end_causes.o (.text)
                  00002b48    0000033c     RFCC26XX_singleMode.obj (.text:fsmActiveState$4)
                  00002e84    0000033c     rom_sysbios.aem3 : rom_sysbios.obj (.text:xdc_runtime_System_doPrint__I)
                  000031c0    00000314     drivers_cc26x0r2.aem3 : PowerCC26XX_calibrateRCOSC.oem3 (.text:PowerCC26XX_auxISR)
                  000034d4    000002f8     cc2640_ll_xcxx.a : ll_isr.o (.text)
                  000037cc    000002bc     simple_central_cc2640r2lp_stack_library.lib : icall_startup.obj (.text:startup_entry)
                  00003a88    00000288     cc2640_ll_xcxx.a : ll_isr.o (.text)
                  00003d10    0000025c     simple_central_cc2640r2lp_stack_library.lib : gapbondmgr.obj (.text:GAPBondMgr_SetParameter)
                  00003f6c    00000258     drivers_cc26x0r2.aem3 : CryptoCC26XX.oem3 (.text:cryptoTransactionExecute)
                  000041c4    00000244                           : PowerCC26XX.oem3 (.text:Power_sleep)
                  00004408    00000244     cc26xx_profiles_xcxx.a : gapgattserver.o (.text)
                  0000464c    00000234     cc2640_ll_xcxx.a : ll.o (.text)
                  00004880    00000220     RFCC26XX_singleMode.obj (.text:RF_open)
                  00004aa0    00000214     cc2640_ll_xcxx.a : ll_common.o (.text)
                  00004cb4    00000210     driverlib.lib : sys_ctrl.obj (.text:NOROM_SysCtrlSetRechargeBeforePowerDown)
                  00004ec4    00000204     cc26xx_profiles_xcxx.a : gattservapp.o (.text)
                  000050c8    00000204     cc26xx_sm_xcxx.a : sm_pairing.o (.text)
                  000052cc    000001f4     rtsv7M3_T_le_eabi.lib : ull_div_t2.obj (.text)
                  000054c0    000001dc     RFCC26XX_singleMode.obj (.text:fsmSetupState$4)
                  0000569c    000001d0     simple_central_cc2640r2lp_stack_library.lib : gapbondmgr.obj (.text:gapBondMgrAddBond$28)
                  0000586c    000001c8     cc26xx_sm_xcxx.a : sm_intpairing.o (.text)
                  00005a34    000001c0     simple_central_cc2640r2lp_stack_library.lib : osal.obj (.text:osal_start_system)
                  00005bf4    000001bc     drivers_cc26x0r2.aem3 : PINCC26XX.oem3 (.text:PIN_init)
                  00005db0    000001bc     RFCC26XX_singleMode.obj (.text:hwiFxnCpe0Active$4)
                  00005f6c    000001b4     cc2640_ll_xcxx.a : ll_isr.o (.text)
                  00006120    00000194     ECCROMCC26XX.obj (.text:ECCROMCC26XX_genDHKey)
                  000062b4    00000190     drivers_cc26x0r2.aem3 : PowerCC26XX_calibrateRCOSC.oem3 (.text:PowerCC26XX_doCalibrate)
                  00006444    00000190     simple_central_cc2640r2lp_stack_library.lib : gapbondmgr.obj (.text:gapBondMgrAuthenticate$28)
                  000065d4    00000190     icall.obj (.text:icall_directAPI)
                  00006764    00000180     simple_central.obj (.text:SimpleBLECentral_processGATTDiscEvent$1)
                  000068e4    0000017c     cc2640_ll_xcxx.a : ll_master_end_causes.o (.text)
                  00006a60    00000174     cc26xx_gatt_xcxx.a : gatt_client.o (.text)
                  00006bd4    00000160                        : gatt_client.o (.text)
                  00006d34    0000015c     drivers_cc26x0r2.aem3 : UARTCC26XX.oem3 (.text:UARTCC26XX_open)
                  00006e90    00000150     cc26xx_sm_xcxx.a : sm_intpairing.o (.text)
                  00006fe0    00000140     main.obj (.text:AssertHandler)
                  00007120    00000140     cc2640_ll_xcxx.a : ll_master_end_causes.o (.text)
                  00007260    00000130                      : ll.o (.text)
                  00007390    0000012c     drivers_cc26x0r2.aem3 : PowerCC26XX.oem3 (.text:Power_init)
                  000074bc    00000128     ECCROMCC26XX.obj (.text:ECCROMCC26XX_genKeys)
                  000075e4    00000128     cc2640_ll_xcxx.a : ll_scheduler.o (.text)
                  0000770c    00000128     simple_central_cc2640r2lp_stack_library.lib : gapbondmgr.obj (.text:gapBondMgrEraseBonding$28)
                  00007834    0000011c     drivers_cc26x0r2.aem3 : UARTCC26XX.oem3 (.text:UARTCC26XX_read)
                  00007950    0000011c     simple_central_cc2640r2lp_stack_library.lib : osal_snv_wrapper.obj (.text:compactPage$25)
                  00007a6c    00000112     drivers_cc26x0r2.aem3 : UARTCC26XX.oem3 (.text:UARTCC26XX_hwiIntFxn)
                  00007b7e    00000112     cc26xx_gatt_xcxx.a : gatt_server.o (.text)
                  00007c90    00000104     cc26xx_gap_xcxx.a : gap_centdevmgr.o (.text)
                  00007d94    00000100     cc2640_ll_xcxx.a : ll_scan_end_causes.o (.text)
                  00007e94    00000100     RFCC26XX_singleMode.obj (.text:radioOpDoneCb$4)
                  00007f94    000000fc     simple_central_cc2640r2lp_stack_library.lib : gapbondmgr.obj (.text:GAPBondMgr_LinkEst)
                  00008090    000000fc     RFCC26XX_singleMode.obj (.text:RF_postCmd)
                  0000818c    000000fc     drivers_cc26x0r2.aem3 : UARTCC26XX.oem3 (.text:UARTCC26XX_write)
                  00008288    000000fc     cc26xx_gap_xcxx.a : gap_centlinkmgr.o (.text)
                  00008384    000000f8     simple_central_cc2640r2lp_stack_library.lib : osal_snv_wrapper.obj (.text:osal_snv_write)
                  0000847c    000000f8     app_ble_pem3.oem3 (.text:xdc_runtime_System_printfExtend__I)
                  00008574    000000f0     central.obj (.text:gapCentralRole_ProcessGAPMsg$11)
                  00008664    000000ec     RFCC26XX_singleMode.obj (.text:RF_pendCmd)
                  00008750    000000ec     RFCC26XX_singleMode.obj (.text:fsmPowerUpState$4)
                  0000883c    000000e8     dpl_cc26x0r2.aem3 : PowerCC26XX_tirtos.oem3 (.text:PowerCC26XX_standbyPolicy)
                  00008924    000000e8     simple_central_cc2640r2lp_stack_library.lib : osal_timers.obj (.text:osalTimerUpdate)
                  00008a0c    000000e4     cc26xx_gatt_xcxx.a : gatt_client.o (.text)
                  00008af0    000000e4     cc26xx_sm_xcxx.a : sm_intpairing.o (.text)
                  00008bd4    000000e4                      : sm_pairing.o (.text)
                  00008cb8    000000dc     drivers_cc26x0r2.aem3 : PINCC26XX.oem3 (.text:PINCC26XX_setIoCfg)
                  00008d94    000000dc     cc26xx_gap_xcxx.a : gap_centdevmgr.o (.text)
                  00008e70    000000d4     drivers_cc26x0r2.aem3 : CryptoCC26XX.oem3 (.text:CryptoCC26XX_open)
                  00008f44    000000d4     central.obj (.text:gapCentralRole_taskFxn$11)
                  00009018    000000d0     main.obj (.text:main)
                  000090e8    000000cc     cc2640_ll_xcxx.a : ll_scan_end_causes.o (.text)
                  000091b4    000000c4     cc26xx_sm_xcxx.a : sm_pairing.o (.text)
                  00009278    000000c0     simple_central_cc2640r2lp_stack_library.lib : osal.obj (.text:osal_set_event)
                  00009338    000000bc     drivers_cc26x0r2.aem3 : PowerCC26XX.oem3 (.text:Power_releaseDependency)
                  000093f4    000000b8     driverlib.lib : setup.obj (.text:NOROM_SetupTrimDevice)
                  000094ac    000000b8     cc2640_ll_xcxx.a : ll_scheduler.o (.text)
                  00009564    000000b4     drivers_cc26x0r2.aem3 : PowerCC26XX.oem3 (.text:Power_setDependency)
                  00009618    000000b0     TRNGCC26XX.obj (.text:TRNGCC26XX_getNumber)
                  000096c8    000000b0     drivers_cc26x0r2.aem3 : UARTCC26XX.oem3 (.text:UARTCC26XX_initHw)
                  00009778    000000b0     RFCC26XX_singleMode.obj (.text:abortCmd$4)
                  00009828    000000a8     cc26xx_gatt_xcxx.a : gatt_client.o (.text)
                  000098d0    000000a8     RFCC26XX_singleMode.obj (.text:swiFxnHw$4)
                  00009978    000000a7     display.aem3 : DisplayUart.oem3 (.text:DisplayUartAnsi_open)
                  00009a1f    00000001     --HOLE-- [fill = 0]
                  00009a20    000000a4     simple_central_cc2640r2lp_stack_library.lib : gapbondmgr.obj (.text:GAPBondMgr_ResolveAddr)
                  00009ac4    000000a4     cc2640_ll_xcxx.a : ll.o (.text)
                  00009b68    000000a4     cc26xx_sm_xcxx.a : sm_intpairing.o (.text)
                  00009c0c    000000a4     simple_central_cc2640r2lp_stack_library.lib : osal.obj (.text:osal_msg_enqueue_push$20)
                  00009cb0    000000a4     drivers_cc26x0r2.aem3 : PowerCC26XX.oem3 (.text:switchXOSCHFclockFunc)
                  00009d54    000000a0     auto_init.aem3 : auto_init.oem3 (.text)
                  00009df4    000000a0     RFCC26XX_singleMode.obj (.text:discardPendCmd$4)
                  00009e94    0000009f     display.aem3 : DisplayUart.oem3 (.text:DisplayUartAnsi_vprintf)
                  00009f33    00000001     --HOLE-- [fill = 0]
                  00009f34    0000009e     simple_central_cc2640r2lp_stack_library.lib : gapbondmgr.obj (.text:gapBondMgrUpdateCharCfg$28)
                  00009fd2    00000002     display.aem3 : DisplayUart.oem3 (.text:DisplayUartAnsi_init)
                  00009fd4    0000009e     rom_sysbios.aem3 : rom_sysbios.obj (.text:xdc_runtime_Text_putSite__E)
                  0000a072    00000002     simple_central_cc2640r2lp_stack_library.lib : onboard.obj (.text:Onboard_soft_reset)
                  0000a074    0000009c                                                 : osal_cbtimer.obj (.text:cbTimerSetup$22)
                  0000a110    0000009c     cc2640_ll_xcxx.a : ll_scheduler.o (.text)
                  0000a1ac    0000009c     rtsv7M3_T_le_eabi.lib : memcpy_t2.obj (.text)
                  0000a248    00000098     drivers_cc26x0r2.aem3 : PINCC26XX.oem3 (.text:PIN_open)
                  0000a2e0    00000098                           : UARTCC26XX.oem3 (.text:UARTCC26XX_initIO)
                  0000a378    00000098     cc26xx_gap_xcxx.a : gap_centdevmgr.o (.text)
                  0000a410    00000098     rom_sysbios.aem3 : rom_sysbios.obj (.text:ti_sysbios_knl_Clock_workFuncDynamic__E)
                  0000a4a8    00000098                      : rom_sysbios.obj (.text:xdc_runtime_Text_putMod__E)
                  0000a540    00000094     icall.obj (.text:ICall_setTimer)
                  0000a5d4    00000094     simple_central_cc2640r2lp_stack_library.lib : osal.obj (.text:osal_msg_receive)
                  0000a668    00000094                                                 : osal_timers.obj (.text:osal_timer_refTimeUpdate)
                  0000a6fc    00000090     driverlib.lib : crypto.obj (.text:NOROM_CRYPTOAesLoadKey)
                  0000a78c    00000090                   : setup.obj (.text:TrimAfterColdResetWakeupFromShutDown$17)
                  0000a81c    00000090     cc2640_hci_tl_none.a : hci_tl.o (.text)
                  0000a8ac    00000090     cc2640_ll_xcxx.a : ll_enc.o (.text)
                  0000a93c    00000090     cc26xx_sm_xcxx.a : sm_intpairing.o (.text)
                  0000a9cc    00000090     simple_central_cc2640r2lp_stack_library.lib : osal_cbtimer.obj (.text:osal_CbTimerProcessEvent)
                  0000aa5c    0000008c                                                 : gapbondmgr.obj (.text:GAPBondMgr_SlaveReqSecurity)
                  0000aae8    0000008c     icall.obj (.text:ICall_heapMalloc)
                  0000ab74    0000008c     drivers_cc26x0r2.aem3 : UARTCC26XX.oem3 (.text:UARTCC26XX_close)
                  0000ac00    0000008c                           : UARTCC26XX.oem3 (.text:UARTCC26XX_writeCancel)
                  0000ac8c    0000008c     cc26xx_gatt_xcxx.a : gatt_client.o (.text)
                  0000ad18    0000008c                        : gatt_client.o (.text)
                  0000ada4    0000008c     RFCC26XX_singleMode.obj (.text:ratFreeChannel$4)
                  0000ae30    0000008c     drivers_cc26x0r2.aem3 : UARTCC26XX.oem3 (.text:writeFinishedDoCallback)
                  0000aebc    00000088                           : CryptoCC26XX.oem3 (.text:CryptoCC26XX_allocateKey)
                  0000af44    00000088     RFCC26XX_singleMode.obj (.text:hwiFxnHw$4)
                  0000afcc    00000086     cc2640_ll_xcxx.a : ll_common.o (.text)
                  0000b052    0000007e     cc26xx_gatt_xcxx.a : gatt_client.o (.text)
                  0000b0d0    0000007c     cc2640_hci_xcxx.a : hci_event.o (.text)
                  0000b14c    0000007c     cc2640_ll_xcxx.a : ll_init_end_causes.o (.text)
                  0000b1c8    0000007c                      : ll_scan_end_causes.o (.text)
                  0000b244    0000007c                      : ll_scheduler.o (.text)
                  0000b2c0    0000007c     cc26xx_gatt_xcxx.a : gatt_client.o (.text)
                  0000b33c    0000007c     simple_central_cc2640r2lp_stack_library.lib : osal.obj (.text:osal_event_send$20)
                  0000b3b8    0000007c     RFCC26XX_singleMode.obj (.text:rfReleaseConstraint)
                  0000b434    0000007a     rtsv7M3_T_le_eabi.lib : memset_t2.obj (.text)
                  0000b4ae    00000002     simple_central_cc2640r2lp_stack_library.lib : sm_ecc.obj (.text:SM_dhKeyCB)
                  0000b4b0    00000078                                                 : gapbondmgr.obj (.text:GAPBondMgr_syncResolvingList)
                  0000b528    00000078     cc26xx_gap_xcxx.a : gap_centdevmgr.o (.text)
                  0000b5a0    00000078     cc26xx_profiles_xcxx.a : gattservapp.o (.text)
                  0000b618    00000078     drivers_cc26x0r2.aem3 : UARTCC26XX.oem3 (.text:writeTxFifoFlush)
                  0000b690    00000076     cc26xx_gatt_xcxx.a : gatt_client.o (.text)
                  0000b706    00000074     cc2640_ll_xcxx.a : ll_common.o (.text)
                  0000b77a    00000002     simple_central_cc2640r2lp_stack_library.lib : sm_ecc.obj (.text:SM_p256KeyCB)
                  0000b77c    00000074     rom_sysbios.aem3 : rom_sysbios.obj (.text:ti_sysbios_family_arm_cc26xx_Timer_start__E)
                  0000b7f0    00000070     icall.obj (.text:ICall_heapGetStats)
                  0000b860    00000070     icall.obj (.text:ICall_heapInit)
                  0000b8d0    00000070     driverlib.lib : sys_ctrl.obj (.text:NOROM_SysCtrlAdjustRechargeAfterPowerDown)
                  0000b940    00000070     simple_central_cc2640r2lp_stack_library.lib : ble_dispatch_lite.obj (.text:ble_dispatch_liteProcess)
                  0000b9b0    00000070     cc26xx_profiles_xcxx.a : gapgattserver.o (.text)
                  0000ba20    00000070     cc26xx_sm_xcxx.a : sm_intpairing.o (.text)
                  0000ba90    00000070     drivers_cc26x0r2.aem3 : PowerCC26XX.oem3 (.text:lfClockReadyCallback)
                  0000bb00    00000070     simple_central_cc2640r2lp_stack_library.lib : osal_snv_wrapper.obj (.text:writeWord$25)
                  0000bb70    0000006d     rom_sysbios.aem3 : rom_sysbios.obj (.text:xdc_runtime_System_formatNum__I)
                  0000bbdd    00000001     --HOLE-- [fill = 0]
                  0000bbde    00000002     RFCC26XX_singleMode.obj (.text:defaultCallback$4)
                  0000bbe0    0000006c     icall.obj (.text:ICall_send)
                  0000bc4c    0000006c     icall.obj (.text:ICall_sendServiceComplete)
                  0000bcb8    0000006c     driverlib.lib : osc.obj (.text:NOROM_OSCHF_AttemptToSwitchToXosc)
                  0000bd24    0000006c     drivers_cc26x0r2.aem3 : PowerCC26XX_calibrateRCOSC.oem3 (.text:PowerCC26XX_initiateCalibration)
                  0000bd90    0000006c     cc26xx_gap_xcxx.a : gap_centdevmgr.o (.text)
                  0000bdfc    0000006c     cc26xx_gatt_xcxx.a : gatt_client.o (.text)
                  0000be68    0000006c                        : gatt_client.o (.text)
                  0000bed4    0000006c                        : gatt_client.o (.text)
                  0000bf40    0000006c     cc26xx_sm_xcxx.a : sm_intpairing.o (.text)
                  0000bfac    0000006c     drivers_cc26x0r2.aem3 : PowerCC26XX.oem3 (.text:configureXOSCHF)
                  0000c018    0000006c     RFCC26XX_singleMode.obj (.text:ratDispatchTime$4)
                  0000c084    00000068     driverlib.lib : sys_ctrl.obj (.text:NOROM_SysCtrl_DCDC_VoltageConditionalControl)
                  0000c0ec    00000068     drivers_cc26x0r2.aem3 : UARTCC26XX.oem3 (.text:UARTCC26XX_readCancel)
                  0000c154    00000068     rtsv7M3_T_le_eabi.lib : copy_decompress_lzss.obj (.text:decompress:lzss)
                  0000c1bc    00000068     simple_central_cc2640r2lp_stack_library.lib : osal_cbtimer.obj (.text:osal_CbTimerUpdate)
                  0000c224    00000064     cc26xx_profiles_xcxx.a : gattservapp.o (.text)
                  0000c288    00000064     cc26xx_sm_xcxx.a : sm_intpairing.o (.text)
                  0000c2ec    00000062     simple_central_cc2640r2lp_stack_library.lib : gapbondmgr.obj (.text:gapBondMgrBondReq$28)
                  0000c34e    00000002     drivers_cc26x0r2.aem3 : PowerCC26XX.oem3 (.text:emptyClockFunc)
                  0000c350    00000060     icall.obj (.text:ICall_createRemoteTasksAtRuntime)
                  0000c3b0    00000060     icall.obj (.text:ICall_enrollService)
                  0000c410    00000060     RFCC26XX_singleMode.obj (.text:fsmXOSCState$4)
                  0000c470    0000005e     icall.obj (.text:ICall_fetchMsg)
                  0000c4ce    0000005e     cc26xx_gatt_xcxx.a : gatt_client.o (.text)
                  0000c52c    0000005c     display.aem3 : Display.oem3 (.text:Display_doOpen)
                  0000c588    0000005c     icall.obj (.text:ICall_pwrUpdActivityCounter)
                  0000c5e4    0000005c     drivers_cc26x0r2.aem3 : PowerCC26XX_calibrateRCOSC.oem3 (.text:PowerCC26XX_RCOSC_clockFunc)
                  0000c640    0000005c                           : PowerCC26XX.oem3 (.text:PowerCC26XX_calibrate)
                  0000c69c    0000005c     cc26xx_gap_xcxx.a : gap_centlinkmgr.o (.text)
                  0000c6f8    0000005c     cc26xx_gatt_xcxx.a : gatt_client.o (.text)
                  0000c754    0000005c     cc26xx_profiles_xcxx.a : gattservapp.o (.text)
                  0000c7b0    0000005c     cc26xx_sm_xcxx.a : sm_intpairing.o (.text)
                  0000c80c    0000005c     app_ble_pem3.oem3 (.text:xdc_runtime_Startup_getState__I)
                  0000c868    0000005b     rom_sysbios.aem3 : rom_sysbios.obj (.text:xdc_runtime_Text_putLab__E)
                  0000c8c3    00000001     --HOLE-- [fill = 0]
                  0000c8c4    0000005a     RFCC26XX_singleMode.obj (.text:syncCb$4)
                  0000c91e    00000058     icall.obj (.text:ICall_wait)
                  0000c976    00000002     simple_central_cc2640r2lp_stack_library.lib : hal_assert.obj (.text:halAssertHandler)
                  0000c978    00000058     drivers_cc26x0r2.aem3 : PINCC26XX.oem3 (.text:PIN_remove)
                  0000c9d0    00000058     RFCC26XX_singleMode.obj (.text:RF_getCurrentTime)
                  0000ca28    00000058     drivers_cc26x0r2.aem3 : UARTCC26XX.oem3 (.text:UARTCC26XX_control)
                  0000ca80    00000058     cc26xx_gap_xcxx.a : gap_centdevmgr.o (.text)
                  0000cad8    00000058     cc26xx_sm_xcxx.a : sm_intpairing.o (.text)
                  0000cb30    00000058                      : sm_intpairing.o (.text)
                  0000cb88    00000058     RFCC26XX_singleMode.obj (.text:dispatchNextEvent$4)
                  0000cbe0    00000058     simple_central_cc2640r2lp_stack_library.lib : osal_snv_wrapper.obj (.text:findItem$25)
                  0000cc38    00000058                                                 : gapbondmgr.obj (.text:gapBondMgrReadBonds$28)
                  0000cc90    00000058                                                 : osal_cbtimer.obj (.text:osal_CbTimerStop)
                  0000cce8    00000056     cc26xx_gap_xcxx.a : gap_centlinkmgr.o (.text)
                  0000cd3e    00000054     cc26xx_gatt_xcxx.a : gatt_client.o (.text)
                  0000cd92    00000002     simple_central_cc2640r2lp_stack_library.lib : hal_assert.obj (.text:halAssertSpinlock)
                  0000cd94    00000054     RFCC26XX_singleMode.obj (.text:cmdDispatchTime$4)
                  0000cde8    00000054     rtsv7M3_T_le_eabi.lib : exit.obj (.text)
                  0000ce3c    00000052     simple_central_cc2640r2lp_stack_library.lib : gap.obj (.text:GAP_DeviceInit)
                  0000ce8e    00000002     icall_api_lite.obj (.text:rfErrCb)
                  0000ce90    00000050     ECCROMCC26XX.obj (.text:ECCROMCC26XX_Params_init)
                  0000cee0    00000050     simple_central_cc2640r2lp_stack_library.lib : gapbondmgr.obj (.text:GAPBondMgr_LinkTerm)
                  0000cf30    00000050     icall.obj (.text:ICall_registerApp)
                  0000cf80    00000050     simple_central_cc2640r2lp_stack_library.lib : npi.obj (.text:NPI_WriteTransport)
                  0000cfd0    00000050     RFCC26XX_singleMode.obj (.text:RF_getInfo)
                  0000d020    00000050     simple_central.obj (.text:SimpleBLECentral_enqueueMsg$1)
                  0000d070    00000050     util.obj (.text:Util_convertBdAddr2Str)
                  0000d0c0    00000050     cc26xx_profiles_xcxx.a : gattservapp.o (.text)
                  0000d110    00000050     drivers_cc26x0r2.aem3 : UARTCC26XX.oem3 (.text:startTxFifoEmptyClk)
                  0000d160    0000004c     icall.obj (.text:ICall_newTask$6)
                  0000d1ac    0000004c     RFCC26XX_singleMode.obj (.text:RF_wakeupNotifyFxn$4)
                  0000d1f8    0000004c     cc26xx_att_xcxx.a : att_client.o (.text)
                  0000d244    0000004c     cc26xx_gap_xcxx.a : gap_centdevmgr.o (.text)
                  0000d290    0000004c     simple_central_cc2640r2lp_stack_library.lib : osal_bufmgr.obj (.text:osal_bm_free)
                  0000d2dc    0000004c     rtsv7M3_T_le_eabi.lib : cpy_tbl.obj (.text)
                  0000d328    00000048     dpl_cc26x0r2.aem3 : ClockP_tirtos.oem3 (.text:ClockP_construct)
                  0000d370    00000048     ECCROMCC26XX.obj (.text:ECC_initGlobals$3)
                  0000d3b8    00000048     drivers_cc26x0r2.aem3 : PINCC26XX.oem3 (.text:PIN_setOutputEnable)
                  0000d400    00000048     RFCC26XX_singleMode.obj (.text:Q_push$4)
                  0000d448    00000048     util.obj (.text:Util_constructClock)
                  0000d490    00000048     cc26xx_gatt_xcxx.a : gatt_client.o (.text)
                  0000d4d8    00000048     cc26xx_sm_xcxx.a : sm_intpairing.o (.text)
                  0000d520    00000048                      : sm_intpairing.o (.text)
                  0000d568    00000048     simple_central_cc2640r2lp_stack_library.lib : gapbondmgr.obj (.text:gapBondMgrUpdateLruBondList$28)
                  0000d5b0    00000048                                                 : osal_timers.obj (.text:osalAddTimer)
                  0000d5f8    00000048     rom_sysbios.aem3 : rom_sysbios.obj (.text:ti_sysbios_family_arm_cc26xx_Timer_setThreshold__I)
                  0000d640    00000046     cc26xx_gatt_xcxx.a : gatt_client.o (.text)
                  0000d686    00000044     drivers_cc26x0r2.aem3 : CryptoCC26XX.oem3 (.text:CryptoCC26XX_loadKey)
                  0000d6ca    00000002     rtsv7M3_T_le_eabi.lib : i_div0.obj (.text)
                  0000d6cc    00000044     driverlib.lib : osc.obj (.text:NOROM_OSCHF_SwitchToRcOscTurnOffXosc)
                  0000d710    00000044     drivers_cc26x0r2.aem3 : RingBuf.oem3 (.text:RingBuf_put)
                  0000d754    00000044     boot.aem3 : boot.oem3 (.text)
                  0000d798    00000044     cc2640_ll_xcxx.a : ll_scheduler.o (.text)
                  0000d7dc    00000044     cc26xx_gap_xcxx.a : gap_centdevmgr.o (.text)
                  0000d820    00000044     cc26xx_profiles_xcxx.a : gattservapp.o (.text)
                  0000d864    00000044     simple_central_cc2640r2lp_stack_library.lib : osal_snv_wrapper.obj (.text:erasePage$25)
                  0000d8a8    00000044     drivers_cc26x0r2.aem3 : PowerCC26XX.oem3 (.text:notify)
                  0000d8ec    00000044     simple_central_cc2640r2lp_stack_library.lib : osal_timers.obj (.text:osal_start_timerEx)
                  0000d930    00000044     rom_sysbios.aem3 : rom_sysbios.obj (.text:xdc_runtime_Text_xprintf__I)
                  0000d974    00000042     simple_central_cc2640r2lp_stack_library.lib : gapbondmgr.obj (.text:GAPBondMgr_UpdateCharCfg)
                  0000d9b6    00000042     cc2640_ll_xcxx.a : ll_access_address.o (.text)
                  0000d9f8    00000040     ECCROMCC26XX.obj (.text:ECCROMCC26XX_init)
                  0000da38    00000040     drivers_cc26x0r2.aem3 : PINCC26XX.oem3 (.text:PIN_swi)
                  0000da78    00000040                           : PowerCC26XX.oem3 (.text:PowerCC26XX_isStableXOSC_HF)
                  0000dab8    00000040                           : UART.oem3 (.text:UART_init)
                  0000daf8    00000040                           : UART.oem3 (.text:UART_open)
                  0000db38    00000040     cc26xx_gap_xcxx.a : gap_centdevmgr.o (.text)
                  0000db78    00000040                       : gap_centdevmgr.o (.text)
                  0000dbb8    00000040     cc26xx_profiles_xcxx.a : gattservapp.o (.text)
                  0000dbf8    00000040                            : gattservapp.o (.text)
                  0000dc38    00000040     rtsv7M3_T_le_eabi.lib : u_divt2.obj (.text)
                  0000dc78    00000040     rom_sysbios.aem3 : rom_sysbios.obj (.text:ti_sysbios_heaps_HeapCallback_Module_startup__E)
                  0000dcb8    0000003e     dpl_cc26x0r2.aem3 : HwiP_tirtos.oem3 (.text:HwiP_construct)
                  0000dcf6    0000003e     drivers_cc26x0r2.aem3 : RingBuf.oem3 (.text:RingBuf_get)
                  0000dd34    0000003e     cc26xx_gatt_xcxx.a : gatt_client.o (.text)
                  0000dd72    00000002     app_ble_pem3.oem3 (.text:ti_sysbios_BIOS_nullFunc__I)
                  0000dd74    0000003c     simple_central_cc2640r2lp_stack_library.lib : gapbondmgr.obj (.text:GAPBondMgr_ReadCentAddrResChar)
                  0000ddb0    0000003c     central.obj (.text:GAPCentralRole_createTask)
                  0000ddec    0000003c     driverlib.lib : osc.obj (.text:NOROM_OSC_HPOSCRelativeFrequencyOffsetGet)
                  0000de28    0000003c     simple_central.obj (.text:SimpleBLECentral_CancelRssi$1)
                  0000de64    0000003c     simple_central.obj (.text:SimpleBLECentral_createTask)
                  0000dea0    0000003c     dpl_cc26x0r2.aem3 : SwiP_tirtos.oem3 (.text:SwiP_construct)
                  0000dedc    0000003c     cc2640_hci_tl_none.a : hci_tl.o (.text)
                  0000df18    0000003c     cc2640_ll_xcxx.a : ll_scheduler.o (.text)
                  0000df54    0000003c     cc26xx_gap_xcxx.a : gap_centdevmgr.o (.text)
                  0000df90    0000003c                       : gap_centlinkmgr.o (.text)
                  0000dfcc    0000003c     cc26xx_profiles_xcxx.a : gattservapp.o (.text)
                  0000e008    0000003c                            : gattservapp.o (.text)
                  0000e044    0000003c     cc26xx_sm_xcxx.a : sm_intpairing.o (.text)
                  0000e080    0000003c     drivers_cc26x0r2.aem3 : PowerCC26XX.oem3 (.text:disableLfClkQualifiersEnableClkLoss)
                  0000e0bc    0000003c     simple_central_cc2640r2lp_stack_library.lib : osal_bufmgr.obj (.text:osal_bm_alloc)
                  0000e0f8    0000003c                                                 : osal_timers.obj (.text:osal_start_reload_timer)
                  0000e134    0000003c     rom_sysbios.aem3 : rom_sysbios.obj (.text:ti_sysbios_family_arm_m3_Hwi_construct2__E)
                  0000e170    0000003a     cc26xx_gatt_xcxx.a : gatt_client.o (.text)
                  0000e1aa    00000002     app_ble_pem3.oem3 (.text:ti_sysbios_rom_cortexm_cc26xx_r2_CC26xx_badRomRevision__E)
                  0000e1ac    00000038     board_key.obj (.text:Board_keyCallback$0)
                  0000e1e4    00000038     drivers_cc26x0r2.aem3 : PINCC26XX.oem3 (.text:PIN_setOutputValue)
                  0000e21c    00000038                           : UARTCC26XX.oem3 (.text:UARTCC26XX_swiIntFxn)
                  0000e254    00000038     util.obj (.text:Util_restartClock)
                  0000e28c    00000038     cc2640_ll_xcxx.a : ll_scheduler.o (.text)
                  0000e2c4    00000038                      : ll_scheduler.o (.text)
                  0000e2fc    00000038     cc26xx_gatt_xcxx.a : gatt_client.o (.text)
                  0000e334    00000038                        : gatt_client.o (.text)
                  0000e36c    00000038     cc26xx_l2cap_xcxx.a : l2cap_util.o (.text)
                  0000e3a4    00000038     simple_central_cc2640r2lp_stack_library.lib : osal_snv_wrapper.obj (.text:disableCache$25)
                  0000e3dc    00000038                                                 : osal.obj (.text:osal_alien2proxy)
                  0000e414    00000038                                                 : osal.obj (.text:osal_msec_timer_cback$20)
                  0000e44c    00000038                                                 : osal_timers.obj (.text:osal_stop_timerEx)
                  0000e484    00000038     rom_sysbios.aem3 : rom_sysbios.obj (.text:ti_sysbios_family_arm_cc26xx_Timer_getCurrentTick__E)
                  0000e4bc    00000036     RFCC26XX_singleMode.obj (.text:calculateDispatchTime$4)
                  0000e4f2    00000002     rom_sysbios.aem3 : rom_sysbios.obj (.text:xdc_runtime_SysCallback_defaultAbort)
                  0000e4f4    00000034     simple_central_cc2640r2lp_stack_library.lib : gattservapp_util.obj (.text:GATTServApp_InitCharCfg)
                  0000e528    00000034     icall.obj (.text:ICall_heapFree)
                  0000e55c    00000034     icall.obj (.text:ICall_primEntityId2ServiceId$6)
                  0000e590    00000034     icall.obj (.text:ICall_searchServiceEntity)
                  0000e5c4    00000034     drivers_cc26x0r2.aem3 : PINCC26XX.oem3 (.text:PIN_setConfig)
                  0000e5f8    00000034                           : PowerCC26XX.oem3 (.text:Power_releaseConstraint)
                  0000e62c    00000034     cc2640_ll_xcxx.a : ll_isr.o (.text)
                  0000e660    00000034                      : ll_scheduler.o (.text)
                  0000e694    00000034     cc26xx_gap_xcxx.a : gap_centlinkmgr.o (.text)
                  0000e6c8    00000034     cc26xx_gatt_xcxx.a : gatt_client.o (.text)
                  0000e6fc    00000034     simple_central_cc2640r2lp_stack_library.lib : osal.obj (.text:osal_clear_event)
                  0000e730    00000034     RFCC26XX_singleMode.obj (.text:runDirectImmediateCmd$4)
                  0000e764    00000034     rom_sysbios.aem3 : rom_sysbios.obj (.text:ti_sysbios_family_arm_cc26xx_Timer_initDevice__I)
                  0000e798    00000032     icall.obj (.text:ICall_fetchServiceMsg)
                  0000e7ca    00000032     cc2640_ll_xcxx.a : ll_access_address.o (.text)
                  0000e7fc    00000032                      : ll_access_address.o (.text)
                  0000e82e    00000032     rom_sysbios.aem3 : rom_sysbios.obj (.text:ti_sysbios_family_arm_cc26xx_Timer_setNextTick__E)
                  0000e860    00000030     simple_central_cc2640r2lp_stack_library.lib : gapbondmgr.obj (.text:GAPBondMgr_PasscodeRsp)
                  0000e890    00000030                                                 : hal_flash_wrapper.obj (.text:HalFlashRead)
                  0000e8c0    00000030     icall.obj (.text:ICall_dispatch$6)
                  0000e8f0    00000030     icall.obj (.text:ICall_msecs2Ticks$6)
                  0000e920    00000030     drivers_cc26x0r2.aem3 : PowerCC26XX.oem3 (.text:Power_setConstraint)
                  0000e950    00000030     RFCC26XX_singleMode.obj (.text:RF_runCmd)
                  0000e980    00000030     cc2640_ll_xcxx.a : ll_access_address.o (.text)
                  0000e9b0    00000030                      : ll_access_address.o (.text)
                  0000e9e0    00000030     cc26xx_att_xcxx.a : att_client.o (.text)
                  0000ea10    00000030                       : att_client.o (.text)
                  0000ea40    00000030     cc26xx_gap_xcxx.a : gap_configmgr.o (.text)
                  0000ea70    00000030     cc26xx_profiles_xcxx.a : gattservapp.o (.text)
                  0000eaa0    00000030     simple_central_cc2640r2lp_stack_library.lib : gapbondmgr.obj (.text:gapBondMgr_SyncWhiteList$28)
                  0000ead0    00000030     RFCC26XX_singleMode.obj (.text:getCmd$4)
                  0000eb00    00000030     simple_central_cc2640r2lp_stack_library.lib : osal_timers.obj (.text:osal_get_timeoutEx)
                  0000eb30    00000030     app_ble_pem3.oem3 (.text:ti_sysbios_BIOS_atExitFunc__I)
                  0000eb60    00000030     app_ble_pem3.oem3 (.text:ti_sysbios_BIOS_startFunc__I)
                  0000eb90    00000030     app_ble_pem3.oem3 (.text:ti_sysbios_heaps_HeapCallback_Object__create__S)
                  0000ebc0    0000002f     rom_sysbios.aem3 : rom_sysbios.obj (.text:xdc_runtime_Text_printVisFxn__I)
                  0000ebef    00000001     --HOLE-- [fill = 0]
                  0000ebf0    0000002e     icall_cc2650.obj (.text:ICallPlatform_pwrDispenseImpl$7)
                  0000ec1e    0000002e     icall_cc2650.obj (.text:ICallPlatform_pwrRequireImpl$7)
                  0000ec4c    0000002e     cc26xx_profiles_xcxx.a : gattservapp.o (.text)
                  0000ec7a    0000002e     drivers_cc26x0r2.aem3 : CryptoCC26XX.oem3 (.text:cryptoTransactionPend)
                  0000eca8    0000002e     simple_central_cc2640r2lp_stack_library.lib : osal.obj (.text:osal_build_uint32)
                  0000ecd6    0000002e     drivers_cc26x0r2.aem3 : UARTCC26XX.oem3 (.text:readData)
                  0000ed04    0000002e                           : UARTCC26XX.oem3 (.text:writeData)
                  0000ed32    00000002     rom_sysbios.aem3 : rom_sysbios.obj (.text:xdc_runtime_SysCallback_defaultExit)
                  0000ed34    0000002c     icall.obj (.text:ICall_getLocalMsgEntityId)
                  0000ed60    0000002c     icall.obj (.text:ICall_msgEnqueue$6)
                  0000ed8c    0000002c     icall.obj (.text:ICall_searchTask$6)
                  0000edb8    0000002c     driverlib.lib : chipinfo.obj (.text:NOROM_ChipInfo_GetChipFamily)
                  0000ede4    0000002c     drivers_cc26x0r2.aem3 : PINCC26XX.oem3 (.text:PINCC26XX_setMux)
                  0000ee10    0000002c     dpl_cc26x0r2.aem3 : SemaphoreP_tirtos.oem3 (.text:SemaphoreP_constructBinary)
                  0000ee3c    0000002c                       : SemaphoreP_tirtos.oem3 (.text:SemaphoreP_createBinary)
                  0000ee68    0000002c     simple_central_cc2640r2lp_stack_library.lib : ble_dispatch_lite.obj (.text:bleDispatch_BMAlloc)
                  0000ee94    0000002c     RFCC26XX_singleMode.obj (.text:calculateDeltaTimeUs$4)
                  0000eec0    0000002c     cc26xx_gap_xcxx.a : gap_centdevmgr.o (.text)
                  0000eeec    0000002c     cc26xx_profiles_xcxx.a : gattservapp.o (.text)
                  0000ef18    0000002c     cc26xx_sm_xcxx.a : sm_intpairing.o (.text)
                  0000ef44    0000002c                      : sm_pairing.o (.text)
                  0000ef70    0000002c     RFCC26XX_singleMode.obj (.text:executeDirectImmediateCmd$4)
                  0000ef9c    0000002c     simple_central_cc2640r2lp_stack_library.lib : osal_snv_wrapper.obj (.text:findOffset$25)
                  0000efc8    0000002c                                                 : gapbondmgr.obj (.text:gapBondMgrFindAddr$28)
                  0000eff4    0000002c     rom_sysbios.aem3 : rom_sysbios.obj (.text:ti_sysbios_knl_Clock_getTicksUntilInterrupt__E)
                  0000f020    0000002a     display.aem3 : DisplayUart.oem3 (.text:DisplayUartAnsi_clear)
                  0000f04a    0000002a                  : Display.oem3 (.text:Display_doPrintf)
                  0000f074    0000002a     rom_sysbios.aem3 : rom_sysbios.obj (.text:ti_sysbios_knl_Clock_getTimeout__E)
                  0000f09e    0000002a                      : rom_sysbios.obj (.text:xdc_runtime_System_putchar__I)
                  0000f0c8    00000028     driverlib.lib : rfc.obj (.text:NOROM_RFCDoorbellSendTo)
                  0000f0f0    00000028     drivers_cc26x0r2.aem3 : PowerCC26XX.oem3 (.text:Power_registerNotify)
                  0000f118    00000028     driverlib.lib : adi.obj (.text:SafeHapiVoid)
                  0000f140    00000028     TRNGCC26XX.obj (.text:TRNGCC26XX_init)
                  0000f168    00000028     cc2640_ll_xcxx.a : ll_access_address.o (.text)
                  0000f190    00000028     cc26xx_gatt_xcxx.a : gatt_client.o (.text)
                  0000f1b8    00000028     simple_central_cc2640r2lp_stack_library.lib : gapbondmgr.obj (.text:gapBondMgrBondTotal$28)
                  0000f1e0    00000028                                                 : osal_bufmgr.obj (.text:osal_bm_adjust_header)
                  0000f208    00000028                                                 : osal_timers.obj (.text:osal_next_timeout)
                  0000f230    00000028                                                 : osal_snv_wrapper.obj (.text:osal_snv_compact)
                  0000f258    00000028     drivers_cc26x0r2.aem3 : UARTCC26XX.oem3 (.text:readData2RingBuf)
                  0000f280    00000026     simple_central_cc2640r2lp_stack_library.lib : gapbondmgr.obj (.text:gapBondMgrGetStateFlags$28)
                  0000f2a6    00000002     rom_sysbios.aem3 : rom_sysbios.obj (.text:xdc_runtime_SysCallback_defaultPutch)
                  0000f2a8    00000024     drivers_cc26x0r2.aem3 : CryptoCC26XX.oem3 (.text:CryptoCC26XX_hwiIntFxn)
                  0000f2cc    00000024     driverlib.lib : chipinfo.obj (.text:NOROM_ChipInfo_GetChipType)
                  0000f2f0    00000024                   : osc.obj (.text:NOROM_OSCHF_TurnOnXosc)
                  0000f314    00000024     simple_central_cc2640r2lp_stack_library.lib : osal_bufmgr.obj (.text:bm_desc_from_payload$21)
                  0000f338    00000024     cc2640_ll_xcxx.a : ll_access_address.o (.text)
                  0000f35c    00000024     cc26xx_att_xcxx.a : att_client.o (.text)
                  0000f380    00000024                       : att_client.o (.text)
                  0000f3a4    00000024                       : att_client.o (.text)
                  0000f3c8    00000024     cc26xx_profiles_xcxx.a : gapgattserver.o (.text)
                  0000f3ec    00000024     RFCC26XX_singleMode.obj (.text:hwiFxnCpe0PowerFsm$4)
                  0000f410    00000024     simple_central_cc2640r2lp_stack_library.lib : osal.obj (.text:osal_msg_allocate)
                  0000f434    00000024                                                 : osal.obj (.text:osal_service_entry)
                  0000f458    00000024     rtsv7M3_T_le_eabi.lib : memcmp.obj (.text)
                  0000f47c    00000024     app_ble_pem3.oem3 (.text:ti_sysbios_BIOS_registerRTSLock__I)
                  0000f4a0    00000024     app_ble_pem3.oem3 (.text:ti_sysbios_BIOS_removeRTSLock__I)
                  0000f4c4    00000024     rom_sysbios.aem3 : rom_sysbios.obj (.text:ti_sysbios_family_arm_cc26xx_Timer_getMaxTicks__E)
                  0000f4e8    00000022     icall.obj (.text:ICall_setTimerMSecs)
                  0000f50a    00000022     drivers_cc26x0r2.aem3 : List.oem3 (.text:List_put)
                  0000f52c    00000022     driverlib.lib : uart.obj (.text:NOROM_UARTConfigSetExpClk)
                  0000f54e    00000022     cc26xx_profiles_xcxx.a : gattservapp.o (.text)
                  0000f570    00000020     simple_central_cc2640r2lp_stack_library.lib : hal_flash_wrapper.obj (.text:HalFlashGetAddress)
                  0000f590    00000020     driverlib.lib : uart.obj (.text:NOROM_UARTDisable)
                  0000f5b0    00000020     dpl_cc26x0r2.aem3 : PowerCC26XX_tirtos.oem3 (.text:PowerCC26XX_schedulerDisable)
                  0000f5d0    00000020                       : PowerCC26XX_tirtos.oem3 (.text:PowerCC26XX_schedulerRestore)
                  0000f5f0    00000020     drivers_cc26x0r2.aem3 : PowerCC26XX.oem3 (.text:Power_unregisterNotify)
                  0000f610    00000020     cc2640_ll_xcxx.a : ll_isr.o (.text)
                  0000f630    00000020     cc26xx_gap_xcxx.a : gap_centdevmgr.o (.text)
                  0000f650    00000020     cc26xx_profiles_xcxx.a : gattservapp.o (.text)
                  0000f670    00000020     cc26xx_sm_xcxx.a : sm_intpairing.o (.text)
                  0000f690    00000020     simple_central_cc2640r2lp_stack_library.lib : gattservapp_util.obj (.text:gattServApp_FindCharCfgItem$29)
                  0000f6b0    00000020                                                 : osal_timers.obj (.text:osalFindTimer)
                  0000f6d0    00000020                                                 : osal.obj (.text:osal_memcmp)
                  0000f6f0    00000020                                                 : osal.obj (.text:osal_msg_deallocate)
                  0000f710    00000020                                                 : osal.obj (.text:osal_msg_send)
                  0000f730    00000020                                                 : osal.obj (.text:osal_proxy2alien$20)
                  0000f750    00000020     app_ble_pem3.oem3 (.text:ti_sysbios_BIOS_rtsLock__I)
                  0000f770    00000020     rom_sysbios.aem3 : rom_sysbios.obj (.text:ti_sysbios_family_arm_cc26xx_Timer_dynamicStub__E)
                  0000f790    00000020                      : rom_sysbios.obj (.text:xdc_runtime_Registry_findById__E)
                  0000f7b0    0000001e     drivers_cc26x0r2.aem3 : PINCC26XX.oem3 (.text:PIN_close)
                  0000f7ce    0000001e                           : PowerCC26XX.oem3 (.text:Power_getTransitionLatency)
                  0000f7ec    0000001e     simple_central_cc2640r2lp_stack_library.lib : gapbondmgr.obj (.text:gapBondMgrInvertCharCfgItem$28)
                  0000f80a    0000001e                                                 : gapbondmgr.obj (.text:gapBondSetupPrivFlag$28)
                  0000f828    0000001e                                                 : osal_snv_wrapper.obj (.text:osal_snv_read)
                  0000f846    00000002     --HOLE-- [fill = 0]
                  0000f848    0000001c                                                 : gapbondmgr.obj (.text:GAPBondMgr_Register)
                  0000f864    0000001c                                                 : gapbondmgr.obj (.text:GAPBondMgr_SupportsEnhancedPriv)
                  0000f880    0000001c     icall.obj (.text:ICall_primRepostSync$6)
                  0000f89c    0000001c     driverlib.lib : flash.obj (.text:NOROM_FlashProgram)
                  0000f8b8    0000001c                   : flash.obj (.text:NOROM_FlashSectorErase)
                  0000f8d4    0000001c     drivers_cc26x0r2.aem3 : PINCC26XX.oem3 (.text:PINCC26XX_setIoCfgMux)
                  0000f8f0    0000001c                           : PINCC26XX.oem3 (.text:PIN_hwi)
                  0000f90c    0000001c     RFCC26XX_singleMode.obj (.text:RF_getRssi)
[...]
200019ec  PowerCC26XX_swiKey                                                        
200019fc  clientInfoTbl                                                             
20001a04  ClockP_tickPeriod                                                         
20001a08  tasksEvents                                                               
20001a0c  trngCC26XXObjects                                                         
20001a14  hciTaskID                                                                 
20001a15  hciGapTaskID                                                              
20001a16  hciTestTaskID                                                             
20001a17  hciL2capTaskID                                                            
20001a18  hciSmpTaskID                                                              
20001a19  driverlib_release_0_49664                                                 
20001a1a  g_hwiInt                                                                  
20001a1b  icall_liteTaskId                                                          
20001a1c  heapStart                                                                 
20004000  __stack                                                                   
20004000  heapEnd                                                                   
20004400  __STACK_END                                                               
20004400  __STACK_TOP                                                               
200044f8  RAM_BASE_ADDR                                                             
20004504  ROM_FlashJT                                                               
20004508  gapParameters                                                             
20004558  gapPeripheralCBs                                                          
20004564  gapPeripheralConnCBs                                                      
20004568  rfMode                                                                    
20004584  smResponderCBs                                                            
2000459c  slaveConnHandle                                                           
2000459e  nextHandle                                                                
200045a0  l2capMtuSize                                                              
200045a2  gapAppTaskID                                                              
200045a3  gapAdvAppTaskID                                                           
200045a4  gapUnwantedTaskID                                                         
200045a5  reqTaskId                                                                 
200045a6  gattAppTaskID                                                             
200045a7  appTaskID                                                                 
200045a8  flowCtrlTaskId                                                            
200045a9  SM_appTaskID                                                              
200045ac  resolvingList                                                             
200046ec  scanDataEntry                                                             
200047cc  wlTable                                                                   
200048a8  wlTableScan                                                               
20004988  rfObject                                                                  
20004a20  advCmd                                                                    
20004a68  localEccKeys                                                              
20004aac  initDataEntry                                                             
20004ae4  advDataEntry                                                              
20004b1c  l2capFixedChannels                                                        
20004b4c  linkCBs                                                                   
20004b7c  eccParams                                                                 
20004bac  initParam                                                                 
20004bd0  scanParam                                                                 
20004bf4  advParam                                                                  
20004c14  cryptoPRAND                                                               
20004c34  txModemTestCmd                                                            
20004c50  gapParams                                                                 
20004c6c  initCmd                                                                   
20004c84  connReqData                                                               
20004c9c  scanCmd                                                                   
20004cb4  scanOutput                                                                
20004ccc  trxTestCmd                                                                
20004ce4  rxModemTestCmd                                                            
20004cfc  rsp                                                                       
20004d14  fwParDtmCmd                                                               
20004d2c  rfSetup                                                                   
20004d44  fwParRfCmd                                                                
20004d5c  connOutput                                                                
20004d70  rxTestParam                                                               
20004d84  initDataQueue                                                             
20004d94  scanDataQueue                                                             
20004da4  advDataQueue                                                              
20004db4  advOutput                                                                 
20004dc4  txTestParam                                                               
20004dd4  initOutput                                                                
20004de0  rxTestOut                                                                 
20004dec  deviceFeatureSet                                                          
20004df8  cachedTRNGdata                                                            
20004e04  gapCurrentRandomAddr                                                      
20004e0c  slaveUpdateReq                                                            
20004e14  pBleEvtMask                                                               
20004e1c  pHciEvtMask                                                               
20004e24  pHciEvtMask2                                                              
20004e2c  ownPublicAddr                                                             
20004e34  ownRandomAddr                                                             
20004e3c  ownSavedPublicAddr                                                        
20004e44  fwImmedCmd                                                                
20004e4c  attServerNotifyTxCB                                                       
20004e50  rfEvent                                                                   
20004e58  fwParCmd                                                                  
20004e60  verInfo                                                                   
20004e68  llConns                                                                   
20004e70  fwParamImmedCmd                                                           
20004e78  privInfo                                                                  
20004e80  linkCmd                                                                   
20004e84  linkParam                                                                 
20004e88  rxDataQ                                                                   
20004e8c  txDataQ                                                                   
20004e90  rxRingBuf                                                                 
20004e94  txTestOut                                                                 
20004e98  pGapDiscReq                                                               
20004e9c  pGapAdvertState                                                           
20004ea0  pEstLink                                                                  
20004ea4  pAuthLink                                                                 
20004ea8  pfnCentralConnCBs                                                         
20004eac  pfnPeripheralConnCBs                                                      
20004eb0  pGapAdvTokens                                                             
20004eb4  pGapAdData                                                                
20004eb8  pGapScanRspData                                                           
20004ebc  pfnPeripheralCBs                                                          
20004ec0  pfnCentralCBs                                                             
20004ec4  pfnBondMgrCBs                                                             
20004ec8  serverInfoTbl                                                             
20004ecc  pServiceList                                                              
20004ed0  pfnServerProcessMsgCB                                                     
20004ed4  pfnClientProcessMsgCB                                                     
20004ed8  prepareWritesTbl                                                          
20004edc  serviceCBsList                                                            
20004ee0  pAttrValue                                                                
20004ee4  l2capChannels                                                             
20004ee8  linkDB                                                                    
20004eec  rfHandle                                                                  
20004ef0  rfDrvTblPtr                                                               
20004ef4  eccDrvTblPtr                                                              
20004ef8  cryptoDrvTblPtr                                                           
20004efc  trngDrvTblPtr                                                             
20004f00  activeConns                                                               
20004f04  SysBootMsg                                                                
20004f08  sclkSrc                                                                   
20004f0c  buildInfo                                                                 
20004f10  advInfo                                                                   
20004f14  scanInfo                                                                  
20004f18  initInfo                                                                  
20004f1c  dtmInfo                                                                   
20004f20  taskEndAction                                                             
20004f24  encParams                                                                 
20004f28  encHandle                                                                 
20004f2c  encKey                                                                    
20004f30  pPairingParams                                                            
20004f34  pfnResponderCBs                                                           
20004f38  pfnInitiatorCBs                                                           
20004f3c  gapLimitedAdvertisingTimeout                                              
20004f3e  attrLen                                                                   
20004f40  numHostBufs                                                               
20004f42  rfCmdHandle                                                               
20004f44  connInitialMaxTxOctets                                                    
20004f46  connInitialMaxTxTime                                                      
20004f48  supportedMaxTxOctets                                                      
20004f4a  supportedMaxTxTime                                                        
20004f4c  supportedMaxRxOctets                                                      
20004f4e  supportedMaxRxTime                                                        
20004f50  taskEndStatus                                                             
20004f52  postRfOperations                                                          
20004f54  rfCfgAdiVal                                                               
20004f58  gapProfileRole                                                            
20004f59  gapDeviceAddrMode                                                         
20004f5a  gapState                                                                  
20004f5b  terminateAllTaskID                                                        
20004f5c  terminateReason                                                           
20004f5d  gapTaskID                                                                 
20004f5e  gattNumConns                                                              
20004f5f  gattTaskID                                                                
20004f60  GATTServApp_TaskID                                                        
20004f61  maxNumPrepareWrites                                                       
20004f62  hciPTMenabled                                                             
20004f63  ctrlToHostEnable                                                          
20004f64  l2capFlowCtrlMode                                                         
20004f65  l2capTaskID                                                               
20004f66  l2capNumChannels                                                          
20004f67  l2capNumDataPkts                                                          
20004f68  l2capId                                                                   
20004f69  linkDBNumConns                                                            
20004f6a  linkDB_secureConnectionOnlyMode                                           
20004f6b  maxPduSize                                                                
20004f6c  rfFeModeBias                                                              
20004f6d  maxNumTxDataBufs                                                          
20004f6e  LL_TaskID                                                                 
20004f6f  llState                                                                   
20004f70  rssiCorrection                                                            
20004f71  curTxPowerVal                                                             
20004f72  maxTxPwrForDTM                                                            
20004f73  onePktPerEvt                                                              
20004f74  numComplPkts                                                              
20004f75  numComplPktsLimit                                                         
20004f76  numComplPktsFlush                                                         
20004f77  fastTxRespTime                                                            
20004f78  slOverride                                                                
20004f79  rxFifoFlowCtrl                                                            
20004f7a  numTxDataBufs                                                             
20004f7b  maxNumConns                                                               
20004f7c  smTaskID                                                                  
20004f7d  SM_appExpectingKey                                                        
20004f80  ECC_DATA$$Base                                                            
20004f80  eccRom_param_Gx                                                           
20004f84  eccRom_param_Gy                                                           
20004f88  eccRom_workzone                                                           
20004f8c  eccRom_param_p                                                            
20004f90  eccRom_param_r                                                            
20004f94  eccRom_param_a                                                            
20004f98  eccRom_param_b                                                            
20004f9c  eccRom_windowSize                                                         
20004fa0  aux64                                                                     
20004fa8  MOD                                                                       
20004fac  LEN                                                                       
20004fb0  inScalar                                                                  
20004fb4  inPointX                                                                  
20004fb8  inPointY                                                                  
20004fbc  outPointX                                                                 
20004fc0  outPointY                                                                 
20004fc4  SCAL                                                                      
20004fc8  EXPX                                                                      
20004fcc  EXPY                                                                      
20004fd0  EXPZ                                                                      
20004fd4  EXPW                                                                      
20004fd8  ACCX                                                                      
20004fdc  ACCY                                                                      
20004fe0  ACCZ                                                                      
20004fe4  TMP1                                                                      
20004fe8  TMP2                                                                      
20004fec  TMP3                                                                      
20004ff0  TMP4                                                                      
20004ff4  TMP5                                                                      
20004ff8  TMP6                                                                      
20004ffc  MSBMOD                                                                    
20005000  ECC_DATA$$Limit                                                           
20005000  __UNUSED_SRAM_end__                                                       
e000e000  ti_sysbios_family_arm_m3_Hwi_nvic                                         
ffffffff  __TI_pprof_out_hndl                                                       
ffffffff  __TI_prof_data_size                                                       
ffffffff  __TI_prof_data_start                                                      
ffffffff  __binit__                                                                 
ffffffff  __c_args__                                                                
ffffffff  binit                                                                     
UNDEFED   SHT$$INIT_ARRAY$$Base                                                     
UNDEFED   SHT$$INIT_ARRAY$$Limit                                                    

[2333 symbols]
